Sep  6 12:13:30 ubuntu rsyslogd: [origin software="rsyslogd" swVersion="7.4.4" x-pid="415" x-info="http://www.rsyslog.com"] start
Sep  6 12:13:30 ubuntu rsyslogd: rsyslogd's groupid changed to 104
Sep  6 12:13:30 ubuntu rsyslogd: rsyslogd's userid changed to 101
Sep  6 12:13:30 ubuntu rsyslogd-2039: Could no open output pipe '/dev/xconsole': No such file or directory [try http://www.rsyslog.com/e/2039 ]
Sep  6 12:13:30 ubuntu kernel: [    0.000000] ACPI: LAPIC (acpi_id[0x60] lapic_id[0xc0] disabled)
Sep  6 12:13:30 ubuntu kernel: [    0.000000] ACPI: LAPIC (acpi_id[0x61] lapic_id[0xc2] disabled)
Sep  6 12:13:30 ubuntu kernel: [    0.000000] ACPI: LAPIC (acpi_id[0x62] lapic_id[0xc4] disabled)
Sep  6 12:13:30 ubuntu kernel: [    0.000000] ACPI: LAPIC (acpi_id[0x63] lapic_id[0xc6] disabled)
Sep  6 12:13:30 ubuntu kernel: [    0.000000] ACPI: LAPIC (acpi_id[0x64] lapic_id[0xc8] disabled)
Sep  6 12:13:30 ubuntu kernel: [    0.000000] ACPI: LAPIC (acpi_id[0x65] lapic_id[0xca] disabled)
Sep  6 12:13:30 ubuntu kernel: [    0.000000] ACPI: LAPIC (acpi_id[0x66] lapic_id[0xcc] disabled)
Sep  6 12:13:30 ubuntu kernel: [    0.000000] ACPI: LAPIC (acpi_id[0x67] lapic_id[0xce] disabled)
Sep  6 12:13:30 ubuntu kernel: [    0.000000] ACPI: LAPIC (acpi_id[0x68] lapic_id[0xd0] disabled)
Sep  6 12:13:30 ubuntu kernel: [    0.000000] ACPI: LAPIC (acpi_id[0x69] lapic_id[0xd2] disabled)
Sep  6 12:13:30 ubuntu kernel: [    0.000000] ACPI: LAPIC (acpi_id[0x6a] lapic_id[0xd4] disabled)
Sep  6 12:13:30 ubuntu kernel: [    0.000000] ACPI: LAPIC (acpi_id[0x6b] lapic_id[0xd6] disabled)
Sep  6 12:13:30 ubuntu kernel: [    0.000000] ACPI: LAPIC (acpi_id[0x6c] lapic_id[0xd8] disabled)
Sep  6 12:13:30 ubuntu kernel: [    0.000000] ACPI: LAPIC (acpi_id[0x6d] lapic_id[0xda] disabled)
Sep  6 12:13:30 ubuntu kernel: [    0.000000] ACPI: LAPIC (acpi_id[0x6e] lapic_id[0xdc] disabled)
Sep  6 12:13:30 ubuntu kernel: [    0.000000] ACPI: LAPIC (acpi_id[0x6f] lapic_id[0xde] disabled)
Sep  6 12:13:30 ubuntu kernel: [    0.000000] ACPI: LAPIC (acpi_id[0x70] lapic_id[0xe0] disabled)
Sep  6 12:13:30 ubuntu kernel: [    0.000000] ACPI: LAPIC (acpi_id[0x71] lapic_id[0xe2] disabled)
Sep  6 12:13:30 ubuntu kernel: [    0.000000] ACPI: LAPIC (acpi_id[0x72] lapic_id[0xe4] disabled)
Sep  6 12:13:30 ubuntu kernel: [    0.000000] ACPI: LAPIC (acpi_id[0x73] lapic_id[0xe6] disabled)
Sep  6 12:13:30 ubuntu kernel: [    0.000000] ACPI: LAPIC (acpi_id[0x74] lapic_id[0xe8] disabled)
Sep  6 12:13:30 ubuntu kernel: [    0.000000] ACPI: LAPIC (acpi_id[0x75] lapic_id[0xea] disabled)
Sep  6 12:13:30 ubuntu kernel: [    0.000000] ACPI: LAPIC (acpi_id[0x76] lapic_id[0xec] disabled)
Sep  6 12:13:30 ubuntu kernel: [    0.000000] ACPI: LAPIC (acpi_id[0x77] lapic_id[0xee] disabled)
Sep  6 12:13:30 ubuntu kernel: [    0.000000] ACPI: LAPIC (acpi_id[0x78] lapic_id[0xf0] disabled)
Sep  6 12:13:30 ubuntu kernel: [    0.000000] ACPI: LAPIC (acpi_id[0x79] lapic_id[0xf2] disabled)
Sep  6 12:13:30 ubuntu kernel: [    0.000000] ACPI: LAPIC (acpi_id[0x7a] lapic_id[0xf4] disabled)
Sep  6 12:13:30 ubuntu kernel: [    0.000000] ACPI: LAPIC (acpi_id[0x7b] lapic_id[0xf6] disabled)
Sep  6 12:13:30 ubuntu kernel: [    0.000000] ACPI: LAPIC (acpi_id[0x7c] lapic_id[0xf8] disabled)
Sep  6 12:13:30 ubuntu kernel: [    0.000000] ACPI: LAPIC (acpi_id[0x7d] lapic_id[0xfa] disabled)
Sep  6 12:13:30 ubuntu kernel: [    0.000000] ACPI: LAPIC (acpi_id[0x7e] lapic_id[0xfc] disabled)
Sep  6 12:13:30 ubuntu kernel: [    0.000000] ACPI: LAPIC (acpi_id[0x7f] lapic_id[0xfe] disabled)
Sep  6 12:13:30 ubuntu kernel: [    0.000000] ACPI: LAPIC_NMI (acpi_id[0x00] high edge lint[0x1])
Sep  6 12:13:30 ubuntu kernel: [    0.000000] ACPI: LAPIC_NMI (acpi_id[0x01] high edge lint[0x1])
Sep  6 12:13:30 ubuntu kernel: [    0.000000] ACPI: LAPIC_NMI (acpi_id[0x02] high edge lint[0x1])
Sep  6 12:13:30 ubuntu kernel: [    0.000000] ACPI: LAPIC_NMI (acpi_id[0x03] high edge lint[0x1])
Sep  6 12:13:30 ubuntu kernel: [    0.000000] ACPI: LAPIC_NMI (acpi_id[0x04] high edge lint[0x1])
Sep  6 12:13:30 ubuntu kernel: [    0.000000] ACPI: LAPIC_NMI (acpi_id[0x05] high edge lint[0x1])
Sep  6 12:13:30 ubuntu kernel: [    0.000000] ACPI: LAPIC_NMI (acpi_id[0x06] high edge lint[0x1])
Sep  6 12:13:30 ubuntu kernel: [    0.000000] ACPI: LAPIC_NMI (acpi_id[0x07] high edge lint[0x1])
Sep  6 12:13:30 ubuntu kernel: [    0.000000] ACPI: LAPIC_NMI (acpi_id[0x08] high edge lint[0x1])
Sep  6 12:13:30 ubuntu kernel: [    0.000000] ACPI: LAPIC_NMI (acpi_id[0x09] high edge lint[0x1])
Sep  6 12:13:30 ubuntu kernel: [    0.000000] ACPI: LAPIC_NMI (acpi_id[0x0a] high edge lint[0x1])
Sep  6 12:13:30 ubuntu kernel: [    0.000000] ACPI: LAPIC_NMI (acpi_id[0x0b] high edge lint[0x1])
Sep  6 12:13:30 ubuntu kernel: [    0.000000] ACPI: LAPIC_NMI (acpi_id[0x0c] high edge lint[0x1])
Sep  6 12:13:30 ubuntu kernel: [    0.000000] ACPI: LAPIC_NMI (acpi_id[0x0d] high edge lint[0x1])
Sep  6 12:13:30 ubuntu kernel: [    0.000000] ACPI: LAPIC_NMI (acpi_id[0x0e] high edge lint[0x1])
Sep  6 12:13:30 ubuntu kernel: [    0.000000] ACPI: LAPIC_NMI (acpi_id[0x0f] high edge lint[0x1])
Sep  6 12:13:30 ubuntu kernel: [    0.000000] ACPI: LAPIC_NMI (acpi_id[0x10] high edge lint[0x1])
Sep  6 12:13:30 ubuntu kernel: [    0.000000] ACPI: LAPIC_NMI (acpi_id[0x11] high edge lint[0x1])
Sep  6 12:13:30 ubuntu kernel: [    0.000000] ACPI: LAPIC_NMI (acpi_id[0x12] high edge lint[0x1])
Sep  6 12:13:30 ubuntu kernel: [    0.000000] ACPI: LAPIC_NMI (acpi_id[0x13] high edge lint[0x1])
Sep  6 12:13:30 ubuntu kernel: [    0.000000] ACPI: LAPIC_NMI (acpi_id[0x14] high edge lint[0x1])
Sep  6 12:13:30 ubuntu kernel: [    0.000000] ACPI: LAPIC_NMI (acpi_id[0x15] high edge lint[0x1])
Sep  6 12:13:30 ubuntu kernel: [    0.000000] ACPI: LAPIC_NMI (acpi_id[0x16] high edge lint[0x1])
Sep  6 12:13:30 ubuntu kernel: [    0.000000] ACPI: LAPIC_NMI (acpi_id[0x17] high edge lint[0x1])
Sep  6 12:13:30 ubuntu kernel: [    0.000000] ACPI: LAPIC_NMI (acpi_id[0x18] high edge lint[0x1])
Sep  6 12:13:30 ubuntu kernel: [    0.000000] ACPI: LAPIC_NMI (acpi_id[0x19] high edge lint[0x1])
Sep  6 12:13:30 ubuntu kernel: [    0.000000] ACPI: LAPIC_NMI (acpi_id[0x1a] high edge lint[0x1])
Sep  6 12:13:30 ubuntu kernel: [    0.000000] ACPI: LAPIC_NMI (acpi_id[0x1b] high edge lint[0x1])
Sep  6 12:13:30 ubuntu kernel: [    0.000000] ACPI: LAPIC_NMI (acpi_id[0x1c] high edge lint[0x1])
Sep  6 12:13:30 ubuntu kernel: [    0.000000] ACPI: LAPIC_NMI (acpi_id[0x1d] high edge lint[0x1])
Sep  6 12:13:30 ubuntu kernel: [    0.000000] ACPI: LAPIC_NMI (acpi_id[0x1e] high edge lint[0x1])
Sep  6 12:13:30 ubuntu kernel: [    0.000000] ACPI: LAPIC_NMI (acpi_id[0x1f] high edge lint[0x1])
Sep  6 12:13:30 ubuntu kernel: [    0.000000] ACPI: LAPIC_NMI (acpi_id[0x20] high edge lint[0x1])
Sep  6 12:13:30 ubuntu kernel: [    0.000000] ACPI: LAPIC_NMI (acpi_id[0x21] high edge lint[0x1])
Sep  6 12:13:30 ubuntu kernel: [    0.000000] ACPI: LAPIC_NMI (acpi_id[0x22] high edge lint[0x1])
Sep  6 12:13:30 ubuntu kernel: [    0.000000] ACPI: LAPIC_NMI (acpi_id[0x23] high edge lint[0x1])
Sep  6 12:13:30 ubuntu kernel: [    0.000000] ACPI: LAPIC_NMI (acpi_id[0x24] high edge lint[0x1])
Sep  6 12:13:30 ubuntu kernel: [    0.000000] ACPI: LAPIC_NMI (acpi_id[0x25] high edge lint[0x1])
Sep  6 12:13:30 ubuntu kernel: [    0.000000] ACPI: LAPIC_NMI (acpi_id[0x26] high edge lint[0x1])
Sep  6 12:13:30 ubuntu kernel: [    0.000000] ACPI: LAPIC_NMI (acpi_id[0x27] high edge lint[0x1])
Sep  6 12:13:30 ubuntu kernel: [    0.000000] ACPI: LAPIC_NMI (acpi_id[0x28] high edge lint[0x1])
Sep  6 12:13:30 ubuntu kernel: [    0.000000] ACPI: LAPIC_NMI (acpi_id[0x29] high edge lint[0x1])
Sep  6 12:13:30 ubuntu kernel: [    0.000000] ACPI: LAPIC_NMI (acpi_id[0x2a] high edge lint[0x1])
Sep  6 12:13:30 ubuntu kernel: [    0.000000] ACPI: LAPIC_NMI (acpi_id[0x2b] high edge lint[0x1])
Sep  6 12:13:30 ubuntu kernel: [    0.000000] ACPI: LAPIC_NMI (acpi_id[0x2c] high edge lint[0x1])
Sep  6 12:13:30 ubuntu kernel: [    0.000000] ACPI: LAPIC_NMI (acpi_id[0x2d] high edge lint[0x1])
Sep  6 12:13:30 ubuntu kernel: [    0.000000] ACPI: LAPIC_NMI (acpi_id[0x2e] high edge lint[0x1])
Sep  6 12:13:30 ubuntu kernel: [    0.000000] ACPI: LAPIC_NMI (acpi_id[0x2f] high edge lint[0x1])
Sep  6 12:13:30 ubuntu kernel: [    0.000000] ACPI: LAPIC_NMI (acpi_id[0x30] high edge lint[0x1])
Sep  6 12:13:30 ubuntu kernel: [    0.000000] ACPI: LAPIC_NMI (acpi_id[0x31] high edge lint[0x1])
Sep  6 12:13:30 ubuntu kernel: [    0.000000] ACPI: LAPIC_NMI (acpi_id[0x32] high edge lint[0x1])
Sep  6 12:13:30 ubuntu kernel: [    0.000000] ACPI: LAPIC_NMI (acpi_id[0x33] high edge lint[0x1])
Sep  6 12:13:30 ubuntu kernel: [    0.000000] ACPI: LAPIC_NMI (acpi_id[0x34] high edge lint[0x1])
Sep  6 12:13:30 ubuntu kernel: [    0.000000] ACPI: LAPIC_NMI (acpi_id[0x35] high edge lint[0x1])
Sep  6 12:13:30 ubuntu kernel: [    0.000000] ACPI: LAPIC_NMI (acpi_id[0x36] high edge lint[0x1])
Sep  6 12:13:30 ubuntu kernel: [    0.000000] ACPI: LAPIC_NMI (acpi_id[0x37] high edge lint[0x1])
Sep  6 12:13:30 ubuntu kernel: [    0.000000] ACPI: LAPIC_NMI (acpi_id[0x38] high edge lint[0x1])
Sep  6 12:13:30 ubuntu kernel: [    0.000000] ACPI: LAPIC_NMI (acpi_id[0x39] high edge lint[0x1])
Sep  6 12:13:30 ubuntu kernel: [    0.000000] ACPI: LAPIC_NMI (acpi_id[0x3a] high edge lint[0x1])
Sep  6 12:13:30 ubuntu kernel: [    0.000000] ACPI: LAPIC_NMI (acpi_id[0x3b] high edge lint[0x1])
Sep  6 12:13:30 ubuntu kernel: [    0.000000] ACPI: LAPIC_NMI (acpi_id[0x3c] high edge lint[0x1])
Sep  6 12:13:30 ubuntu kernel: [    0.000000] ACPI: LAPIC_NMI (acpi_id[0x3d] high edge lint[0x1])
Sep  6 12:13:30 ubuntu kernel: [    0.000000] ACPI: LAPIC_NMI (acpi_id[0x3e] high edge lint[0x1])
Sep  6 12:13:30 ubuntu kernel: [    0.000000] ACPI: LAPIC_NMI (acpi_id[0x3f] high edge lint[0x1])
Sep  6 12:13:30 ubuntu kernel: [    0.000000] ACPI: LAPIC_NMI (acpi_id[0x40] high edge lint[0x1])
Sep  6 12:13:30 ubuntu kernel: [    0.000000] ACPI: LAPIC_NMI (acpi_id[0x41] high edge lint[0x1])
Sep  6 12:13:30 ubuntu kernel: [    0.000000] ACPI: LAPIC_NMI (acpi_id[0x42] high edge lint[0x1])
Sep  6 12:13:30 ubuntu kernel: [    0.000000] ACPI: LAPIC_NMI (acpi_id[0x43] high edge lint[0x1])
Sep  6 12:13:30 ubuntu kernel: [    0.000000] ACPI: LAPIC_NMI (acpi_id[0x44] high edge lint[0x1])
Sep  6 12:13:30 ubuntu kernel: [    0.000000] ACPI: LAPIC_NMI (acpi_id[0x45] high edge lint[0x1])
Sep  6 12:13:30 ubuntu kernel: [    0.000000] ACPI: LAPIC_NMI (acpi_id[0x46] high edge lint[0x1])
Sep  6 12:13:30 ubuntu kernel: [    0.000000] ACPI: LAPIC_NMI (acpi_id[0x47] high edge lint[0x1])
Sep  6 12:13:30 ubuntu kernel: [    0.000000] ACPI: LAPIC_NMI (acpi_id[0x48] high edge lint[0x1])
Sep  6 12:13:30 ubuntu kernel: [    0.000000] ACPI: LAPIC_NMI (acpi_id[0x49] high edge lint[0x1])
Sep  6 12:13:30 ubuntu kernel: [    0.000000] ACPI: LAPIC_NMI (acpi_id[0x4a] high edge lint[0x1])
Sep  6 12:13:30 ubuntu kernel: [    0.000000] ACPI: LAPIC_NMI (acpi_id[0x4b] high edge lint[0x1])
Sep  6 12:13:30 ubuntu kernel: [    0.000000] ACPI: LAPIC_NMI (acpi_id[0x4c] high edge lint[0x1])
Sep  6 12:13:30 ubuntu kernel: [    0.000000] ACPI: LAPIC_NMI (acpi_id[0x4d] high edge lint[0x1])
Sep  6 12:13:30 ubuntu kernel: [    0.000000] ACPI: LAPIC_NMI (acpi_id[0x4e] high edge lint[0x1])
Sep  6 12:13:30 ubuntu kernel: [    0.000000] ACPI: LAPIC_NMI (acpi_id[0x4f] high edge lint[0x1])
Sep  6 12:13:30 ubuntu kernel: [    0.000000] ACPI: LAPIC_NMI (acpi_id[0x50] high edge lint[0x1])
Sep  6 12:13:30 ubuntu kernel: [    0.000000] ACPI: LAPIC_NMI (acpi_id[0x51] high edge lint[0x1])
Sep  6 12:13:30 ubuntu kernel: [    0.000000] ACPI: LAPIC_NMI (acpi_id[0x52] high edge lint[0x1])
Sep  6 12:13:30 ubuntu kernel: [    0.000000] ACPI: LAPIC_NMI (acpi_id[0x53] high edge lint[0x1])
Sep  6 12:13:30 ubuntu kernel: [    0.000000] ACPI: LAPIC_NMI (acpi_id[0x54] high edge lint[0x1])
Sep  6 12:13:30 ubuntu kernel: [    0.000000] ACPI: LAPIC_NMI (acpi_id[0x55] high edge lint[0x1])
Sep  6 12:13:30 ubuntu kernel: [    0.000000] ACPI: LAPIC_NMI (acpi_id[0x56] high edge lint[0x1])
Sep  6 12:13:30 ubuntu kernel: [    0.000000] ACPI: LAPIC_NMI (acpi_id[0x57] high edge lint[0x1])
Sep  6 12:13:30 ubuntu kernel: [    0.000000] ACPI: LAPIC_NMI (acpi_id[0x58] high edge lint[0x1])
Sep  6 12:13:30 ubuntu kernel: [    0.000000] ACPI: LAPIC_NMI (acpi_id[0x59] high edge lint[0x1])
Sep  6 12:13:30 ubuntu kernel: [    0.000000] ACPI: LAPIC_NMI (acpi_id[0x5a] high edge lint[0x1])
Sep  6 12:13:30 ubuntu kernel: [    0.000000] ACPI: LAPIC_NMI (acpi_id[0x5b] high edge lint[0x1])
Sep  6 12:13:30 ubuntu kernel: [    0.000000] ACPI: LAPIC_NMI (acpi_id[0x5c] high edge lint[0x1])
Sep  6 12:13:30 ubuntu kernel: [    0.000000] ACPI: LAPIC_NMI (acpi_id[0x5d] high edge lint[0x1])
Sep  6 12:13:30 ubuntu kernel: [    0.000000] ACPI: LAPIC_NMI (acpi_id[0x5e] high edge lint[0x1])
Sep  6 12:13:30 ubuntu kernel: [    0.000000] ACPI: LAPIC_NMI (acpi_id[0x5f] high edge lint[0x1])
Sep  6 12:13:30 ubuntu kernel: [    0.000000] ACPI: LAPIC_NMI (acpi_id[0x60] high edge lint[0x1])
Sep  6 12:13:30 ubuntu kernel: [    0.000000] ACPI: LAPIC_NMI (acpi_id[0x61] high edge lint[0x1])
Sep  6 12:13:30 ubuntu kernel: [    0.000000] ACPI: LAPIC_NMI (acpi_id[0x62] high edge lint[0x1])
Sep  6 12:13:30 ubuntu kernel: [    0.000000] ACPI: LAPIC_NMI (acpi_id[0x63] high edge lint[0x1])
Sep  6 12:13:30 ubuntu kernel: [    0.000000] ACPI: LAPIC_NMI (acpi_id[0x64] high edge lint[0x1])
Sep  6 12:13:30 ubuntu kernel: [    0.000000] ACPI: LAPIC_NMI (acpi_id[0x65] high edge lint[0x1])
Sep  6 12:13:30 ubuntu kernel: [    0.000000] ACPI: LAPIC_NMI (acpi_id[0x66] high edge lint[0x1])
Sep  6 12:13:30 ubuntu kernel: [    0.000000] ACPI: LAPIC_NMI (acpi_id[0x67] high edge lint[0x1])
Sep  6 12:13:30 ubuntu kernel: [    0.000000] ACPI: LAPIC_NMI (acpi_id[0x68] high edge lint[0x1])
Sep  6 12:13:30 ubuntu kernel: [    0.000000] ACPI: LAPIC_NMI (acpi_id[0x69] high edge lint[0x1])
Sep  6 12:13:30 ubuntu kernel: [    0.000000] ACPI: LAPIC_NMI (acpi_id[0x6a] high edge lint[0x1])
Sep  6 12:13:30 ubuntu kernel: [    0.000000] ACPI: LAPIC_NMI (acpi_id[0x6b] high edge lint[0x1])
Sep  6 12:13:30 ubuntu kernel: [    0.000000] ACPI: LAPIC_NMI (acpi_id[0x6c] high edge lint[0x1])
Sep  6 12:13:30 ubuntu kernel: [    0.000000] ACPI: LAPIC_NMI (acpi_id[0x6d] high edge lint[0x1])
Sep  6 12:13:30 ubuntu kernel: [    0.000000] ACPI: LAPIC_NMI (acpi_id[0x6e] high edge lint[0x1])
Sep  6 12:13:30 ubuntu kernel: [    0.000000] ACPI: LAPIC_NMI (acpi_id[0x6f] high edge lint[0x1])
Sep  6 12:13:30 ubuntu kernel: [    0.000000] ACPI: LAPIC_NMI (acpi_id[0x70] high edge lint[0x1])
Sep  6 12:13:30 ubuntu kernel: [    0.000000] ACPI: LAPIC_NMI (acpi_id[0x71] high edge lint[0x1])
Sep  6 12:13:30 ubuntu kernel: [    0.000000] ACPI: LAPIC_NMI (acpi_id[0x72] high edge lint[0x1])
Sep  6 12:13:30 ubuntu kernel: [    0.000000] ACPI: LAPIC_NMI (acpi_id[0x73] high edge lint[0x1])
Sep  6 12:13:30 ubuntu kernel: [    0.000000] ACPI: LAPIC_NMI (acpi_id[0x74] high edge lint[0x1])
Sep  6 12:13:30 ubuntu kernel: [    0.000000] ACPI: LAPIC_NMI (acpi_id[0x75] high edge lint[0x1])
Sep  6 12:13:30 ubuntu kernel: [    0.000000] ACPI: LAPIC_NMI (acpi_id[0x76] high edge lint[0x1])
Sep  6 12:13:30 ubuntu kernel: [    0.000000] ACPI: LAPIC_NMI (acpi_id[0x77] high edge lint[0x1])
Sep  6 12:13:30 ubuntu kernel: [    0.000000] ACPI: LAPIC_NMI (acpi_id[0x78] high edge lint[0x1])
Sep  6 12:13:30 ubuntu kernel: [    0.000000] ACPI: LAPIC_NMI (acpi_id[0x79] high edge lint[0x1])
Sep  6 12:13:30 ubuntu kernel: [    0.000000] ACPI: LAPIC_NMI (acpi_id[0x7a] high edge lint[0x1])
Sep  6 12:13:30 ubuntu kernel: [    0.000000] ACPI: LAPIC_NMI (acpi_id[0x7b] high edge lint[0x1])
Sep  6 12:13:30 ubuntu kernel: [    0.000000] ACPI: LAPIC_NMI (acpi_id[0x7c] high edge lint[0x1])
Sep  6 12:13:30 ubuntu kernel: [    0.000000] ACPI: LAPIC_NMI (acpi_id[0x7d] high edge lint[0x1])
Sep  6 12:13:30 ubuntu kernel: [    0.000000] ACPI: LAPIC_NMI (acpi_id[0x7e] high edge lint[0x1])
Sep  6 12:13:30 ubuntu kernel: [    0.000000] ACPI: LAPIC_NMI (acpi_id[0x7f] high edge lint[0x1])
Sep  6 12:13:30 ubuntu kernel: [    0.000000] ACPI: IOAPIC (id[0x01] address[0xfec00000] gsi_base[0])
Sep  6 12:13:30 ubuntu kernel: [    0.000000] IOAPIC[0]: apic_id 1, version 17, address 0xfec00000, GSI 0-23
Sep  6 12:13:30 ubuntu kernel: [    0.000000] ACPI: INT_SRC_OVR (bus 0 bus_irq 0 global_irq 2 high edge)
Sep  6 12:13:30 ubuntu kernel: [    0.000000] ACPI: IRQ0 used by override.
Sep  6 12:13:30 ubuntu kernel: [    0.000000] ACPI: IRQ2 used by override.
Sep  6 12:13:30 ubuntu kernel: [    0.000000] ACPI: IRQ9 used by override.
Sep  6 12:13:30 ubuntu kernel: [    0.000000] Using ACPI (MADT) for SMP configuration information
Sep  6 12:13:30 ubuntu kernel: [    0.000000] ACPI: HPET id: 0x8086af01 base: 0xfed00000
Sep  6 12:13:30 ubuntu kernel: [    0.000000] smpboot: 128 Processors exceeds NR_CPUS limit of 8
Sep  6 12:13:30 ubuntu kernel: [    0.000000] smpboot: Allowing 8 CPUs, 7 hotplug CPUs
Sep  6 12:13:30 ubuntu kernel: [    0.000000] nr_irqs_gsi: 40
Sep  6 12:13:30 ubuntu kernel: [    0.000000] PM: Registered nosave memory: [mem 0x0009e000-0x0009efff]
Sep  6 12:13:30 ubuntu kernel: [    0.000000] PM: Registered nosave memory: [mem 0x0009f000-0x0009ffff]
Sep  6 12:13:30 ubuntu kernel: [    0.000000] PM: Registered nosave memory: [mem 0x000a0000-0x000dbfff]
Sep  6 12:13:30 ubuntu kernel: [    0.000000] PM: Registered nosave memory: [mem 0x000dc000-0x000fffff]
Sep  6 12:13:30 ubuntu kernel: [    0.000000] e820: [mem 0x40000000-0xefffffff] available for PCI devices
Sep  6 12:13:30 ubuntu kernel: [    0.000000] Booting paravirtualized kernel on bare hardware
Sep  6 12:13:30 ubuntu kernel: [    0.000000] setup_percpu: NR_CPUS:8 nr_cpumask_bits:8 nr_cpu_ids:8 nr_node_ids:1
Sep  6 12:13:30 ubuntu kernel: [    0.000000] PERCPU: Embedded 14 pages/cpu @f7387000 s36096 r0 d21248 u57344
Sep  6 12:13:30 ubuntu kernel: [    0.000000] pcpu-alloc: s36096 r0 d21248 u57344 alloc=14*4096
Sep  6 12:13:30 ubuntu kernel: [    0.000000] pcpu-alloc: [0] 0 [0] 1 [0] 2 [0] 3 [0] 4 [0] 5 [0] 6 [0] 7 
Sep  6 12:13:30 ubuntu kernel: [    0.000000] Built 1 zonelists in Zone order, mobility grouping on.  Total pages: 260229
Sep  6 12:13:30 ubuntu kernel: [    0.000000] Kernel command line: BOOT_IMAGE=/boot/vmlinuz-3.13.0-32-generic root=UUID=b054e208-cef6-4e6b-b71b-1f825a43c51e ro find_preseed=/preseed.cfg auto noprompt priority=critical locale=en_US quiet
Sep  6 12:13:30 ubuntu kernel: [    0.000000] PID hash table entries: 4096 (order: 2, 16384 bytes)
Sep  6 12:13:30 ubuntu kernel: [    0.000000] Dentry cache hash table entries: 131072 (order: 7, 524288 bytes)
Sep  6 12:13:30 ubuntu kernel: [    0.000000] Inode-cache hash table entries: 65536 (order: 6, 262144 bytes)
Sep  6 12:13:30 ubuntu kernel: [    0.000000] Initializing CPU#0
Sep  6 12:13:30 ubuntu kernel: [    0.000000] xsave: enabled xstate_bv 0x7, cntxt size 0x340
Sep  6 12:13:30 ubuntu kernel: [    0.000000] allocated 2097144 bytes of page_cgroup
Sep  6 12:13:30 ubuntu kernel: [    0.000000] please try 'cgroup_disable=memory' option if you don't want memory cgroups
Sep  6 12:13:30 ubuntu kernel: [    0.000000] Initializing HighMem for node 0 (00037bfe:00040000)
Sep  6 12:13:30 ubuntu kernel: [    0.000000] Memory: 1006340K/1048052K available (6528K kernel code, 639K rwdata, 2760K rodata, 872K init, 924K bss, 41712K reserved, 135048K highmem)
Sep  6 12:13:30 ubuntu kernel: [    0.000000] virtual kernel memory layout:
Sep  6 12:13:30 ubuntu kernel: [    0.000000]     fixmap  : 0xfff14000 - 0xfffff000   ( 940 kB)
Sep  6 12:13:30 ubuntu kernel: [    0.000000]     pkmap   : 0xffc00000 - 0xffe00000   (2048 kB)
Sep  6 12:13:30 ubuntu kernel: [    0.000000]     vmalloc : 0xf83fe000 - 0xffbfe000   ( 120 MB)
Sep  6 12:13:30 ubuntu kernel: [    0.000000]     lowmem  : 0xc0000000 - 0xf7bfe000   ( 891 MB)
Sep  6 12:13:30 ubuntu kernel: [    0.000000]       .init : 0xc19b4000 - 0xc1a8e000   ( 872 kB)
Sep  6 12:13:30 ubuntu kernel: [    0.000000]       .data : 0xc1660532 - 0xc19b3e80   (3406 kB)
Sep  6 12:13:30 ubuntu kernel: [    0.000000]       .text : 0xc1000000 - 0xc1660532   (6529 kB)
Sep  6 12:13:30 ubuntu kernel: [    0.000000] Checking if this processor honours the WP bit even in supervisor mode...Ok.
Sep  6 12:13:30 ubuntu kernel: [    0.000000] SLUB: HWalign=64, Order=0-3, MinObjects=0, CPUs=8, Nodes=1
Sep  6 12:13:30 ubuntu kernel: [    0.000000] Hierarchical RCU implementation.
Sep  6 12:13:30 ubuntu kernel: [    0.000000] 	RCU dyntick-idle grace-period acceleration is enabled.
Sep  6 12:13:30 ubuntu kernel: [    0.000000] NR_IRQS:2304 nr_irqs:744 16
Sep  6 12:13:30 ubuntu kernel: [    0.000000] CPU 0 irqstacks, hard=f580a000 soft=f580c000
Sep  6 12:13:30 ubuntu kernel: [    0.000000] Console: colour VGA+ 80x25
Sep  6 12:13:30 ubuntu kernel: [    0.000000] console [tty0] enabled
Sep  6 12:13:30 ubuntu kernel: [    0.000000] hpet clockevent registered
Sep  6 12:13:30 ubuntu kernel: [    0.000000] TSC freq read from hypervisor : 2494.236 MHz
Sep  6 12:13:30 ubuntu kernel: [    0.000000] tsc: Detected 2494.236 MHz processor
Sep  6 12:13:30 ubuntu kernel: [    0.000001] Calibrating delay loop (skipped) preset value.. 4988.47 BogoMIPS (lpj=9976944)
Sep  6 12:13:30 ubuntu kernel: [    0.000003] pid_max: default: 32768 minimum: 301
Sep  6 12:13:30 ubuntu kernel: [    0.000023] Security Framework initialized
Sep  6 12:13:30 ubuntu kernel: [    0.000043] AppArmor: AppArmor initialized
Sep  6 12:13:30 ubuntu kernel: [    0.000043] Yama: becoming mindful.
Sep  6 12:13:30 ubuntu kernel: [    0.000068] Mount-cache hash table entries: 2048 (order: 1, 8192 bytes)
Sep  6 12:13:30 ubuntu kernel: [    0.000069] Mountpoint-cache hash table entries: 2048 (order: 1, 8192 bytes)
Sep  6 12:13:30 ubuntu kernel: [    0.000206] Initializing cgroup subsys memory
Sep  6 12:13:30 ubuntu kernel: [    0.000209] Initializing cgroup subsys devices
Sep  6 12:13:30 ubuntu kernel: [    0.000210] Initializing cgroup subsys freezer
Sep  6 12:13:30 ubuntu kernel: [    0.000212] Initializing cgroup subsys blkio
Sep  6 12:13:30 ubuntu kernel: [    0.000213] Initializing cgroup subsys perf_event
Sep  6 12:13:30 ubuntu kernel: [    0.000214] Initializing cgroup subsys hugetlb
Sep  6 12:13:30 ubuntu kernel: [    0.000253] Disabled fast string operations
Sep  6 12:13:30 ubuntu kernel: [    0.000255] CPU: Physical Processor ID: 0
Sep  6 12:13:30 ubuntu kernel: [    0.000261] ENERGY_PERF_BIAS: Set to 'normal', was 'performance'
Sep  6 12:13:30 ubuntu kernel: [    0.000261] ENERGY_PERF_BIAS: View and update with x86_energy_perf_policy(8)
Sep  6 12:13:30 ubuntu kernel: [    0.001831] mce: CPU supports 0 MCE banks
Sep  6 12:13:30 ubuntu kernel: [    0.001847] Last level iTLB entries: 4KB 0, 2MB 0, 4MB 0
Sep  6 12:13:30 ubuntu kernel: [    0.001847] Last level dTLB entries: 4KB 64, 2MB 0, 4MB 0
Sep  6 12:13:30 ubuntu kernel: [    0.001847] tlb_flushall_shift: 6
Sep  6 12:13:30 ubuntu kernel: [    0.016762] ACPI: Core revision 20131115
Sep  6 12:13:30 ubuntu kernel: [    0.022800] ACPI: All ACPI Tables successfully acquired
Sep  6 12:13:30 ubuntu kernel: [    0.023742] ftrace: allocating 27783 entries in 55 pages
Sep  6 12:13:30 ubuntu kernel: [    0.040512] Enabling APIC mode:  Flat.  Using 1 I/O APICs
Sep  6 12:13:30 ubuntu kernel: [    0.040845] ..TIMER: vector=0x30 apic1=0 pin1=2 apic2=-1 pin2=-1
Sep  6 12:13:30 ubuntu kernel: [    0.080627] smpboot: CPU0: Intel(R) Core(TM) i7-4710HQ CPU @ 2.50GHz (fam: 06, model: 3c, stepping: 03)
Sep  6 12:13:30 ubuntu kernel: [    0.080651] TSC deadline timer enabled
Sep  6 12:13:30 ubuntu kernel: [    0.080682] Performance Events: 16-deep LBR, Haswell events, core PMU driver.
Sep  6 12:13:30 ubuntu kernel: [    0.080689] perf_event_intel: CPUID marked event: 'cpu cycles' unavailable
Sep  6 12:13:30 ubuntu kernel: [    0.080690] perf_event_intel: CPUID marked event: 'instructions' unavailable
Sep  6 12:13:30 ubuntu kernel: [    0.080690] perf_event_intel: CPUID marked event: 'bus cycles' unavailable
Sep  6 12:13:30 ubuntu kernel: [    0.080691] perf_event_intel: CPUID marked event: 'cache references' unavailable
Sep  6 12:13:30 ubuntu kernel: [    0.080692] perf_event_intel: CPUID marked event: 'cache misses' unavailable
Sep  6 12:13:30 ubuntu kernel: [    0.080692] perf_event_intel: CPUID marked event: 'branch instructions' unavailable
Sep  6 12:13:30 ubuntu kernel: [    0.080693] perf_event_intel: CPUID marked event: 'branch misses' unavailable
Sep  6 12:13:30 ubuntu kernel: [    0.080695] ... version:                1
Sep  6 12:13:30 ubuntu kernel: [    0.080696] ... bit width:              48
Sep  6 12:13:30 ubuntu kernel: [    0.080696] ... generic registers:      4
Sep  6 12:13:30 ubuntu kernel: [    0.080697] ... value mask:             0000ffffffffffff
Sep  6 12:13:30 ubuntu kernel: [    0.080698] ... max period:             000000007fffffff
Sep  6 12:13:30 ubuntu kernel: [    0.080698] ... fixed-purpose events:   0
Sep  6 12:13:30 ubuntu kernel: [    0.080699] ... event mask:             000000000000000f
Sep  6 12:13:30 ubuntu kernel: [    0.081721] x86: Booted up 1 node, 1 CPUs
Sep  6 12:13:30 ubuntu kernel: [    0.081722] smpboot: Total of 1 processors activated (4988.47 BogoMIPS)
Sep  6 12:13:30 ubuntu kernel: [    0.081846] NMI watchdog: disabled (cpu0): hardware events not enabled
Sep  6 12:13:30 ubuntu kernel: [    0.081907] devtmpfs: initialized
Sep  6 12:13:30 ubuntu kernel: [    0.082027] EVM: security.selinux
Sep  6 12:13:30 ubuntu kernel: [    0.082028] EVM: security.SMACK64
Sep  6 12:13:30 ubuntu kernel: [    0.082028] EVM: security.ima
Sep  6 12:13:30 ubuntu kernel: [    0.082029] EVM: security.capability
Sep  6 12:13:30 ubuntu kernel: [    0.082096] PM: Registering ACPI NVS region [mem 0x3feff000-0x3fefffff] (4096 bytes)
Sep  6 12:13:30 ubuntu kernel: [    0.082660] pinctrl core: initialized pinctrl subsystem
Sep  6 12:13:30 ubuntu kernel: [    0.082697] regulator-dummy: no parameters
Sep  6 12:13:30 ubuntu kernel: [    0.082750] RTC time: 19:13:28, date: 09/06/16
Sep  6 12:13:30 ubuntu kernel: [    0.082779] NET: Registered protocol family 16
Sep  6 12:13:30 ubuntu kernel: [    0.082877] EISA bus registered
Sep  6 12:13:30 ubuntu kernel: [    0.082878] cpuidle: using governor ladder
Sep  6 12:13:30 ubuntu kernel: [    0.082879] cpuidle: using governor menu
Sep  6 12:13:30 ubuntu kernel: [    0.082942] ACPI: bus type PCI registered
Sep  6 12:13:30 ubuntu kernel: [    0.082944] acpiphp: ACPI Hot Plug PCI Controller Driver version: 0.5
Sep  6 12:13:30 ubuntu kernel: [    0.083052] PCI: MMCONFIG for domain 0000 [bus 00-7f] at [mem 0xf0000000-0xf7ffffff] (base 0xf0000000)
Sep  6 12:13:30 ubuntu kernel: [    0.083054] PCI: MMCONFIG at [mem 0xf0000000-0xf7ffffff] reserved in E820
Sep  6 12:13:30 ubuntu kernel: [    0.083054] PCI: Using MMCONFIG for extended config space
Sep  6 12:13:30 ubuntu kernel: [    0.083055] PCI: Using configuration type 1 for base access
Sep  6 12:13:30 ubuntu kernel: [    0.083570] bio: create slab <bio-0> at 0
Sep  6 12:13:30 ubuntu kernel: [    0.083647] ACPI: Added _OSI(Module Device)
Sep  6 12:13:30 ubuntu kernel: [    0.083648] ACPI: Added _OSI(Processor Device)
Sep  6 12:13:30 ubuntu kernel: [    0.083649] ACPI: Added _OSI(3.0 _SCP Extensions)
Sep  6 12:13:30 ubuntu kernel: [    0.083649] ACPI: Added _OSI(Processor Aggregator Device)
Sep  6 12:13:30 ubuntu kernel: [    0.089102] [Firmware Bug]: ACPI: BIOS _OSI(Linux) query ignored
Sep  6 12:13:30 ubuntu kernel: [    0.097372] ACPI: Interpreter enabled
Sep  6 12:13:30 ubuntu kernel: [    0.097381] ACPI Exception: AE_NOT_FOUND, While evaluating Sleep State [\_S2_] (20131115/hwxface-580)
Sep  6 12:13:30 ubuntu kernel: [    0.097384] ACPI Exception: AE_NOT_FOUND, While evaluating Sleep State [\_S3_] (20131115/hwxface-580)
Sep  6 12:13:30 ubuntu kernel: [    0.097388] ACPI: (supports S0 S1 S4 S5)
Sep  6 12:13:30 ubuntu kernel: [    0.097389] ACPI: Using IOAPIC for interrupt routing
Sep  6 12:13:30 ubuntu kernel: [    0.097402] PCI: Using host bridge windows from ACPI; if necessary, use "pci=nocrs" and report a bug
Sep  6 12:13:30 ubuntu kernel: [    0.109621] ACPI: No dock devices found.
Sep  6 12:13:30 ubuntu kernel: [    0.125787] ACPI: PCI Root Bridge [PCI0] (domain 0000 [bus 00-7f])
Sep  6 12:13:30 ubuntu kernel: [    0.125792] acpi PNP0A03:00: _OSC: OS supports [ExtendedConfig ASPM ClockPM Segments MSI]
Sep  6 12:13:30 ubuntu kernel: [    0.125910] acpi PNP0A03:00: _OSC: platform does not support [AER]
Sep  6 12:13:30 ubuntu kernel: [    0.126030] acpi PNP0A03:00: _OSC: OS now controls [PCIeHotplug PME PCIeCapability]
Sep  6 12:13:30 ubuntu kernel: [    0.127671] PCI host bridge to bus 0000:00
Sep  6 12:13:30 ubuntu kernel: [    0.127673] pci_bus 0000:00: root bus resource [bus 00-7f]
Sep  6 12:13:30 ubuntu kernel: [    0.127675] pci_bus 0000:00: root bus resource [mem 0x000a0000-0x000bffff]
Sep  6 12:13:30 ubuntu kernel: [    0.127676] pci_bus 0000:00: root bus resource [mem 0x000d0000-0x000d3fff]
Sep  6 12:13:30 ubuntu kernel: [    0.127677] pci_bus 0000:00: root bus resource [mem 0x000d4000-0x000d7fff]
Sep  6 12:13:30 ubuntu kernel: [    0.127677] pci_bus 0000:00: root bus resource [mem 0x000d8000-0x000dbfff]
Sep  6 12:13:30 ubuntu kernel: [    0.127678] pci_bus 0000:00: root bus resource [mem 0xc0000000-0xfebfffff]
Sep  6 12:13:30 ubuntu kernel: [    0.127679] pci_bus 0000:00: root bus resource [io  0x0000-0x0cf7]
Sep  6 12:13:30 ubuntu kernel: [    0.127680] pci_bus 0000:00: root bus resource [io  0x0d00-0xfeff]
Sep  6 12:13:30 ubuntu kernel: [    0.127715] pci 0000:00:00.0: [8086:7190] type 00 class 0x060000
Sep  6 12:13:30 ubuntu kernel: [    0.128084] pci 0000:00:01.0: [8086:7191] type 01 class 0x060400
Sep  6 12:13:30 ubuntu kernel: [    0.128422] pci 0000:00:07.0: [8086:7110] type 00 class 0x060100
Sep  6 12:13:30 ubuntu kernel: [    0.128921] pci 0000:00:07.1: [8086:7111] type 00 class 0x01018a
Sep  6 12:13:30 ubuntu kernel: [    0.130035] pci 0000:00:07.1: reg 0x20: [io  0x1060-0x106f]
Sep  6 12:13:30 ubuntu kernel: [    0.130614] pci 0000:00:07.3: [8086:7113] type 00 class 0x068000
Sep  6 12:13:30 ubuntu kernel: [    0.131786] pci 0000:00:07.3: quirk: [io  0x1000-0x103f] claimed by PIIX4 ACPI
Sep  6 12:13:30 ubuntu kernel: [    0.131796] pci 0000:00:07.3: quirk: [io  0x1040-0x104f] claimed by PIIX4 SMB
Sep  6 12:13:30 ubuntu kernel: [    0.132063] pci 0000:00:07.7: [15ad:0740] type 00 class 0x088000
Sep  6 12:13:30 ubuntu kernel: [    0.132513] pci 0000:00:07.7: reg 0x10: [io  0x1080-0x10bf]
Sep  6 12:13:30 ubuntu kernel: [    0.132912] pci 0000:00:07.7: reg 0x14: [mem 0xfebfe000-0xfebfffff 64bit]
Sep  6 12:13:30 ubuntu kernel: [    0.134871] pci 0000:00:0f.0: [15ad:0405] type 00 class 0x030000
Sep  6 12:13:30 ubuntu kernel: [    0.137193] pci 0000:00:0f.0: reg 0x10: [io  0x1070-0x107f]
Sep  6 12:13:30 ubuntu kernel: [    0.139393] pci 0000:00:0f.0: reg 0x14: [mem 0xe8000000-0xefffffff pref]
Sep  6 12:13:30 ubuntu kernel: [    0.141579] pci 0000:00:0f.0: reg 0x18: [mem 0xfe000000-0xfe7fffff]
Sep  6 12:13:30 ubuntu kernel: [    0.150264] pci 0000:00:0f.0: reg 0x30: [mem 0x00000000-0x00007fff pref]
Sep  6 12:13:30 ubuntu kernel: [    0.150642] pci 0000:00:10.0: [1000:0030] type 00 class 0x010000
Sep  6 12:13:30 ubuntu kernel: [    0.151292] pci 0000:00:10.0: reg 0x10: [io  0x1400-0x14ff]
Sep  6 12:13:30 ubuntu kernel: [    0.151885] pci 0000:00:10.0: reg 0x14: [mem 0xfeba0000-0xfebbffff 64bit]
Sep  6 12:13:30 ubuntu kernel: [    0.152469] pci 0000:00:10.0: reg 0x1c: [mem 0xfebc0000-0xfebdffff 64bit]
Sep  6 12:13:30 ubuntu kernel: [    0.153622] pci 0000:00:10.0: reg 0x30: [mem 0x00000000-0x00003fff pref]
Sep  6 12:13:30 ubuntu kernel: [    0.153958] pci 0000:00:11.0: [15ad:0790] type 01 class 0x060401
Sep  6 12:13:30 ubuntu kernel: [    0.154399] pci 0000:00:11.0: System wakeup disabled by ACPI
Sep  6 12:13:30 ubuntu kernel: [    0.154523] pci 0000:00:15.0: [15ad:07a0] type 01 class 0x060400
Sep  6 12:13:30 ubuntu kernel: [    0.155046] pci 0000:00:15.0: PME# supported from D0 D3hot D3cold
Sep  6 12:13:30 ubuntu kernel: [    0.155202] pci 0000:00:15.0: System wakeup disabled by ACPI
Sep  6 12:13:30 ubuntu kernel: [    0.155301] pci 0000:00:15.1: [15ad:07a0] type 01 class 0x060400
Sep  6 12:13:30 ubuntu kernel: [    0.155878] pci 0000:00:15.1: PME# supported from D0 D3hot D3cold
Sep  6 12:13:30 ubuntu kernel: [    0.156017] pci 0000:00:15.1: System wakeup disabled by ACPI
Sep  6 12:13:30 ubuntu kernel: [    0.156119] pci 0000:00:15.2: [15ad:07a0] type 01 class 0x060400
Sep  6 12:13:30 ubuntu kernel: [    0.156629] pci 0000:00:15.2: PME# supported from D0 D3hot D3cold
Sep  6 12:13:30 ubuntu kernel: [    0.156766] pci 0000:00:15.2: System wakeup disabled by ACPI
Sep  6 12:13:30 ubuntu kernel: [    0.156873] pci 0000:00:15.3: [15ad:07a0] type 01 class 0x060400
Sep  6 12:13:30 ubuntu kernel: [    0.157382] pci 0000:00:15.3: PME# supported from D0 D3hot D3cold
Sep  6 12:13:30 ubuntu kernel: [    0.157520] pci 0000:00:15.3: System wakeup disabled by ACPI
Sep  6 12:13:30 ubuntu kernel: [    0.157618] pci 0000:00:15.4: [15ad:07a0] type 01 class 0x060400
Sep  6 12:13:30 ubuntu kernel: [    0.158171] pci 0000:00:15.4: PME# supported from D0 D3hot D3cold
Sep  6 12:13:30 ubuntu kernel: [    0.158309] pci 0000:00:15.4: System wakeup disabled by ACPI
Sep  6 12:13:30 ubuntu kernel: [    0.158409] pci 0000:00:15.5: [15ad:07a0] type 01 class 0x060400
Sep  6 12:13:30 ubuntu kernel: [    0.158918] pci 0000:00:15.5: PME# supported from D0 D3hot D3cold
Sep  6 12:13:30 ubuntu kernel: [    0.159056] pci 0000:00:15.5: System wakeup disabled by ACPI
Sep  6 12:13:30 ubuntu kernel: [    0.159156] pci 0000:00:15.6: [15ad:07a0] type 01 class 0x060400
Sep  6 12:13:30 ubuntu kernel: [    0.159670] pci 0000:00:15.6: PME# supported from D0 D3hot D3cold
Sep  6 12:13:30 ubuntu kernel: [    0.159808] pci 0000:00:15.6: System wakeup disabled by ACPI
Sep  6 12:13:30 ubuntu kernel: [    0.159905] pci 0000:00:15.7: [15ad:07a0] type 01 class 0x060400
Sep  6 12:13:30 ubuntu kernel: [    0.160467] pci 0000:00:15.7: PME# supported from D0 D3hot D3cold
Sep  6 12:13:30 ubuntu kernel: [    0.160605] pci 0000:00:15.7: System wakeup disabled by ACPI
Sep  6 12:13:30 ubuntu kernel: [    0.160704] pci 0000:00:16.0: [15ad:07a0] type 01 class 0x060400
Sep  6 12:13:30 ubuntu kernel: [    0.161215] pci 0000:00:16.0: PME# supported from D0 D3hot D3cold
Sep  6 12:13:30 ubuntu kernel: [    0.161355] pci 0000:00:16.0: System wakeup disabled by ACPI
Sep  6 12:13:30 ubuntu kernel: [    0.161454] pci 0000:00:16.1: [15ad:07a0] type 01 class 0x060400
Sep  6 12:13:30 ubuntu kernel: [    0.161962] pci 0000:00:16.1: PME# supported from D0 D3hot D3cold
Sep  6 12:13:30 ubuntu kernel: [    0.162100] pci 0000:00:16.1: System wakeup disabled by ACPI
Sep  6 12:13:30 ubuntu kernel: [    0.162197] pci 0000:00:16.2: [15ad:07a0] type 01 class 0x060400
Sep  6 12:13:30 ubuntu kernel: [    0.162754] pci 0000:00:16.2: PME# supported from D0 D3hot D3cold
Sep  6 12:13:30 ubuntu kernel: [    0.162891] pci 0000:00:16.2: System wakeup disabled by ACPI
Sep  6 12:13:30 ubuntu kernel: [    0.162991] pci 0000:00:16.3: [15ad:07a0] type 01 class 0x060400
Sep  6 12:13:30 ubuntu kernel: [    0.163501] pci 0000:00:16.3: PME# supported from D0 D3hot D3cold
Sep  6 12:13:30 ubuntu kernel: [    0.163639] pci 0000:00:16.3: System wakeup disabled by ACPI
Sep  6 12:13:30 ubuntu kernel: [    0.163743] pci 0000:00:16.4: [15ad:07a0] type 01 class 0x060400
Sep  6 12:13:30 ubuntu kernel: [    0.164253] pci 0000:00:16.4: PME# supported from D0 D3hot D3cold
Sep  6 12:13:30 ubuntu kernel: [    0.164391] pci 0000:00:16.4: System wakeup disabled by ACPI
Sep  6 12:13:30 ubuntu kernel: [    0.164488] pci 0000:00:16.5: [15ad:07a0] type 01 class 0x060400
Sep  6 12:13:30 ubuntu kernel: [    0.165048] pci 0000:00:16.5: PME# supported from D0 D3hot D3cold
Sep  6 12:13:30 ubuntu kernel: [    0.165185] pci 0000:00:16.5: System wakeup disabled by ACPI
Sep  6 12:13:30 ubuntu kernel: [    0.165287] pci 0000:00:16.6: [15ad:07a0] type 01 class 0x060400
Sep  6 12:13:30 ubuntu kernel: [    0.165797] pci 0000:00:16.6: PME# supported from D0 D3hot D3cold
Sep  6 12:13:30 ubuntu kernel: [    0.165935] pci 0000:00:16.6: System wakeup disabled by ACPI
Sep  6 12:13:30 ubuntu kernel: [    0.166034] pci 0000:00:16.7: [15ad:07a0] type 01 class 0x060400
Sep  6 12:13:30 ubuntu kernel: [    0.166544] pci 0000:00:16.7: PME# supported from D0 D3hot D3cold
Sep  6 12:13:30 ubuntu kernel: [    0.166681] pci 0000:00:16.7: System wakeup disabled by ACPI
Sep  6 12:13:30 ubuntu kernel: [    0.166778] pci 0000:00:17.0: [15ad:07a0] type 01 class 0x060400
Sep  6 12:13:30 ubuntu kernel: [    0.167287] pci 0000:00:17.0: PME# supported from D0 D3hot D3cold
Sep  6 12:13:30 ubuntu kernel: [    0.167476] pci 0000:00:17.0: System wakeup disabled by ACPI
Sep  6 12:13:30 ubuntu kernel: [    0.167577] pci 0000:00:17.1: [15ad:07a0] type 01 class 0x060400
Sep  6 12:13:30 ubuntu kernel: [    0.168092] pci 0000:00:17.1: PME# supported from D0 D3hot D3cold
Sep  6 12:13:30 ubuntu kernel: [    0.168230] pci 0000:00:17.1: System wakeup disabled by ACPI
Sep  6 12:13:30 ubuntu kernel: [    0.168330] pci 0000:00:17.2: [15ad:07a0] type 01 class 0x060400
Sep  6 12:13:30 ubuntu kernel: [    0.168840] pci 0000:00:17.2: PME# supported from D0 D3hot D3cold
Sep  6 12:13:30 ubuntu kernel: [    0.168977] pci 0000:00:17.2: System wakeup disabled by ACPI
Sep  6 12:13:30 ubuntu kernel: [    0.169081] pci 0000:00:17.3: [15ad:07a0] type 01 class 0x060400
Sep  6 12:13:30 ubuntu kernel: [    0.169589] pci 0000:00:17.3: PME# supported from D0 D3hot D3cold
Sep  6 12:13:30 ubuntu kernel: [    0.169787] pci 0000:00:17.3: System wakeup disabled by ACPI
Sep  6 12:13:30 ubuntu kernel: [    0.169888] pci 0000:00:17.4: [15ad:07a0] type 01 class 0x060400
Sep  6 12:13:30 ubuntu kernel: [    0.170408] pci 0000:00:17.4: PME# supported from D0 D3hot D3cold
Sep  6 12:13:30 ubuntu kernel: [    0.170574] pci 0000:00:17.4: System wakeup disabled by ACPI
Sep  6 12:13:30 ubuntu kernel: [    0.170676] pci 0000:00:17.5: [15ad:07a0] type 01 class 0x060400
Sep  6 12:13:30 ubuntu kernel: [    0.171194] pci 0000:00:17.5: PME# supported from D0 D3hot D3cold
Sep  6 12:13:30 ubuntu kernel: [    0.171331] pci 0000:00:17.5: System wakeup disabled by ACPI
Sep  6 12:13:30 ubuntu kernel: [    0.171428] pci 0000:00:17.6: [15ad:07a0] type 01 class 0x060400
Sep  6 12:13:30 ubuntu kernel: [    0.171942] pci 0000:00:17.6: PME# supported from D0 D3hot D3cold
Sep  6 12:13:30 ubuntu kernel: [    0.172110] pci 0000:00:17.6: System wakeup disabled by ACPI
Sep  6 12:13:30 ubuntu kernel: [    0.172231] pci 0000:00:17.7: [15ad:07a0] type 01 class 0x060400
Sep  6 12:13:30 ubuntu kernel: [    0.172809] pci 0000:00:17.7: PME# supported from D0 D3hot D3cold
Sep  6 12:13:30 ubuntu kernel: [    0.172948] pci 0000:00:17.7: System wakeup disabled by ACPI
Sep  6 12:13:30 ubuntu kernel: [    0.173048] pci 0000:00:18.0: [15ad:07a0] type 01 class 0x060400
Sep  6 12:13:30 ubuntu kernel: [    0.173558] pci 0000:00:18.0: PME# supported from D0 D3hot D3cold
Sep  6 12:13:30 ubuntu kernel: [    0.173696] pci 0000:00:18.0: System wakeup disabled by ACPI
Sep  6 12:13:30 ubuntu kernel: [    0.173793] pci 0000:00:18.1: [15ad:07a0] type 01 class 0x060400
Sep  6 12:13:30 ubuntu kernel: [    0.174303] pci 0000:00:18.1: PME# supported from D0 D3hot D3cold
Sep  6 12:13:30 ubuntu kernel: [    0.174478] pci 0000:00:18.1: System wakeup disabled by ACPI
Sep  6 12:13:30 ubuntu kernel: [    0.174588] pci 0000:00:18.2: [15ad:07a0] type 01 class 0x060400
Sep  6 12:13:30 ubuntu kernel: [    0.175110] pci 0000:00:18.2: PME# supported from D0 D3hot D3cold
Sep  6 12:13:30 ubuntu kernel: [    0.175248] pci 0000:00:18.2: System wakeup disabled by ACPI
Sep  6 12:13:30 ubuntu kernel: [    0.175349] pci 0000:00:18.3: [15ad:07a0] type 01 class 0x060400
Sep  6 12:13:30 ubuntu kernel: [    0.175862] pci 0000:00:18.3: PME# supported from D0 D3hot D3cold
Sep  6 12:13:30 ubuntu kernel: [    0.176000] pci 0000:00:18.3: System wakeup disabled by ACPI
Sep  6 12:13:30 ubuntu kernel: [    0.176098] pci 0000:00:18.4: [15ad:07a0] type 01 class 0x060400
Sep  6 12:13:30 ubuntu kernel: [    0.176606] pci 0000:00:18.4: PME# supported from D0 D3hot D3cold
Sep  6 12:13:30 ubuntu kernel: [    0.176747] pci 0000:00:18.4: System wakeup disabled by ACPI
Sep  6 12:13:30 ubuntu kernel: [    0.176891] pci 0000:00:18.5: [15ad:07a0] type 01 class 0x060400
Sep  6 12:13:30 ubuntu kernel: [    0.177401] pci 0000:00:18.5: PME# supported from D0 D3hot D3cold
Sep  6 12:13:30 ubuntu kernel: [    0.177538] pci 0000:00:18.5: System wakeup disabled by ACPI
Sep  6 12:13:30 ubuntu kernel: [    0.177638] pci 0000:00:18.6: [15ad:07a0] type 01 class 0x060400
Sep  6 12:13:30 ubuntu kernel: [    0.178147] pci 0000:00:18.6: PME# supported from D0 D3hot D3cold
Sep  6 12:13:30 ubuntu kernel: [    0.178285] pci 0000:00:18.6: System wakeup disabled by ACPI
Sep  6 12:13:30 ubuntu kernel: [    0.178382] pci 0000:00:18.7: [15ad:07a0] type 01 class 0x060400
Sep  6 12:13:30 ubuntu kernel: [    0.178893] pci 0000:00:18.7: PME# supported from D0 D3hot D3cold
Sep  6 12:13:30 ubuntu kernel: [    0.179034] pci 0000:00:18.7: System wakeup disabled by ACPI
Sep  6 12:13:30 ubuntu kernel: [    0.179426] pci 0000:00:01.0: PCI bridge to [bus 01]
Sep  6 12:13:30 ubuntu kernel: [    0.179691] acpiphp: Slot [32] registered
Sep  6 12:13:30 ubuntu kernel: [    0.179715] acpiphp: Slot [33] registered
Sep  6 12:13:30 ubuntu kernel: [    0.179730] acpiphp: Slot [34] registered
Sep  6 12:13:30 ubuntu kernel: [    0.179745] acpiphp: Slot [35] registered
Sep  6 12:13:30 ubuntu kernel: [    0.179759] acpiphp: Slot [36] registered
Sep  6 12:13:30 ubuntu kernel: [    0.179773] acpiphp: Slot [37] registered
Sep  6 12:13:30 ubuntu kernel: [    0.179788] acpiphp: Slot [38] registered
Sep  6 12:13:30 ubuntu kernel: [    0.179802] acpiphp: Slot [39] registered
Sep  6 12:13:30 ubuntu kernel: [    0.179816] acpiphp: Slot [40] registered
Sep  6 12:13:30 ubuntu kernel: [    0.179831] acpiphp: Slot [41] registered
Sep  6 12:13:30 ubuntu kernel: [    0.179847] acpiphp: Slot [42] registered
Sep  6 12:13:30 ubuntu kernel: [    0.179862] acpiphp: Slot [43] registered
Sep  6 12:13:30 ubuntu kernel: [    0.179876] acpiphp: Slot [44] registered
Sep  6 12:13:30 ubuntu kernel: [    0.179890] acpiphp: Slot [45] registered
Sep  6 12:13:30 ubuntu kernel: [    0.179904] acpiphp: Slot [46] registered
Sep  6 12:13:30 ubuntu kernel: [    0.179917] acpiphp: Slot [47] registered
Sep  6 12:13:30 ubuntu kernel: [    0.179931] acpiphp: Slot [48] registered
Sep  6 12:13:30 ubuntu kernel: [    0.179945] acpiphp: Slot [49] registered
Sep  6 12:13:30 ubuntu kernel: [    0.179959] acpiphp: Slot [50] registered
Sep  6 12:13:30 ubuntu kernel: [    0.179973] acpiphp: Slot [51] registered
Sep  6 12:13:30 ubuntu kernel: [    0.179989] acpiphp: Slot [52] registered
Sep  6 12:13:30 ubuntu kernel: [    0.180004] acpiphp: Slot [53] registered
Sep  6 12:13:30 ubuntu kernel: [    0.180020] acpiphp: Slot [54] registered
Sep  6 12:13:30 ubuntu kernel: [    0.180034] acpiphp: Slot [55] registered
Sep  6 12:13:30 ubuntu kernel: [    0.180048] acpiphp: Slot [56] registered
Sep  6 12:13:30 ubuntu kernel: [    0.180065] acpiphp: Slot [57] registered
Sep  6 12:13:30 ubuntu kernel: [    0.180079] acpiphp: Slot [58] registered
Sep  6 12:13:30 ubuntu kernel: [    0.180093] acpiphp: Slot [59] registered
Sep  6 12:13:30 ubuntu kernel: [    0.180107] acpiphp: Slot [60] registered
Sep  6 12:13:30 ubuntu kernel: [    0.180123] acpiphp: Slot [61] registered
Sep  6 12:13:30 ubuntu kernel: [    0.180137] acpiphp: Slot [62] registered
Sep  6 12:13:30 ubuntu kernel: [    0.180150] acpiphp: Slot [63] registered
Sep  6 12:13:30 ubuntu kernel: [    0.180211] pci 0000:02:00.0: [15ad:0774] type 00 class 0x0c0300
Sep  6 12:13:30 ubuntu kernel: [    0.181108] pci 0000:02:00.0: reg 0x20: [io  0x20c0-0x20df]
Sep  6 12:13:30 ubuntu kernel: [    0.181726] pci 0000:02:00.0: System wakeup disabled by ACPI
Sep  6 12:13:30 ubuntu kernel: [    0.181770] pci 0000:02:01.0: [1022:2000] type 00 class 0x020000
Sep  6 12:13:30 ubuntu kernel: [    0.181968] pci 0000:02:01.0: reg 0x10: [io  0x2000-0x207f]
Sep  6 12:13:30 ubuntu kernel: [    0.183008] pci 0000:02:01.0: reg 0x30: [mem 0x00000000-0x0000ffff pref]
Sep  6 12:13:30 ubuntu kernel: [    0.183091] pci 0000:02:01.0: System wakeup disabled by ACPI
Sep  6 12:13:30 ubuntu kernel: [    0.183156] pci 0000:02:02.0: [1274:1371] type 00 class 0x040100
Sep  6 12:13:30 ubuntu kernel: [    0.183394] pci 0000:02:02.0: reg 0x10: [io  0x2080-0x20bf]
Sep  6 12:13:30 ubuntu kernel: [    0.184803] pci 0000:02:02.0: System wakeup disabled by ACPI
Sep  6 12:13:30 ubuntu kernel: [    0.184876] pci 0000:02:03.0: [15ad:0770] type 00 class 0x0c0320
Sep  6 12:13:30 ubuntu kernel: [    0.185181] pci 0000:02:03.0: reg 0x10: [mem 0xfd5ff000-0xfd5fffff]
Sep  6 12:13:30 ubuntu kernel: [    0.186971] pci 0000:02:03.0: System wakeup disabled by ACPI
Sep  6 12:13:30 ubuntu kernel: [    0.187100] pci 0000:02:05.0: [15ad:07e0] type 00 class 0x010601
Sep  6 12:13:30 ubuntu kernel: [    0.188766] pci 0000:02:05.0: reg 0x24: [mem 0xfd5fe000-0xfd5fefff]
Sep  6 12:13:30 ubuntu kernel: [    0.189016] pci 0000:02:05.0: reg 0x30: [mem 0x00000000-0x0000ffff pref]
Sep  6 12:13:30 ubuntu kernel: [    0.189317] pci 0000:02:05.0: PME# supported from D3hot
Sep  6 12:13:30 ubuntu kernel: [    0.189424] pci 0000:02:05.0: System wakeup disabled by ACPI
Sep  6 12:13:30 ubuntu kernel: [    0.189626] pci 0000:00:11.0: PCI bridge to [bus 02] (subtractive decode)
Sep  6 12:13:30 ubuntu kernel: [    0.189642] pci 0000:00:11.0:   bridge window [io  0x2000-0x3fff]
Sep  6 12:13:30 ubuntu kernel: [    0.189658] pci 0000:00:11.0:   bridge window [mem 0xfd500000-0xfdffffff]
Sep  6 12:13:30 ubuntu kernel: [    0.189687] pci 0000:00:11.0:   bridge window [mem 0xe7b00000-0xe7ffffff 64bit pref]
Sep  6 12:13:30 ubuntu kernel: [    0.189689] pci 0000:00:11.0:   bridge window [mem 0x000a0000-0x000bffff] (subtractive decode)
Sep  6 12:13:30 ubuntu kernel: [    0.189690] pci 0000:00:11.0:   bridge window [mem 0x000d0000-0x000d3fff] (subtractive decode)
Sep  6 12:13:30 ubuntu kernel: [    0.189691] pci 0000:00:11.0:   bridge window [mem 0x000d4000-0x000d7fff] (subtractive decode)
Sep  6 12:13:30 ubuntu kernel: [    0.189692] pci 0000:00:11.0:   bridge window [mem 0x000d8000-0x000dbfff] (subtractive decode)
Sep  6 12:13:30 ubuntu kernel: [    0.189693] pci 0000:00:11.0:   bridge window [mem 0xc0000000-0xfebfffff] (subtractive decode)
Sep  6 12:13:30 ubuntu kernel: [    0.189694] pci 0000:00:11.0:   bridge window [io  0x0000-0x0cf7] (subtractive decode)
Sep  6 12:13:30 ubuntu kernel: [    0.189695] pci 0000:00:11.0:   bridge window [io  0x0d00-0xfeff] (subtractive decode)
Sep  6 12:13:30 ubuntu kernel: [    0.189996] pci 0000:00:15.0: PCI bridge to [bus 03]
Sep  6 12:13:30 ubuntu kernel: [    0.190012] pci 0000:00:15.0:   bridge window [io  0x4000-0x4fff]
Sep  6 12:13:30 ubuntu kernel: [    0.190028] pci 0000:00:15.0:   bridge window [mem 0xfd400000-0xfd4fffff]
Sep  6 12:13:30 ubuntu kernel: [    0.190058] pci 0000:00:15.0:   bridge window [mem 0xe7a00000-0xe7afffff 64bit pref]
Sep  6 12:13:30 ubuntu kernel: [    0.190352] pci 0000:00:15.1: PCI bridge to [bus 04]
Sep  6 12:13:30 ubuntu kernel: [    0.190368] pci 0000:00:15.1:   bridge window [io  0x8000-0x8fff]
Sep  6 12:13:30 ubuntu kernel: [    0.190383] pci 0000:00:15.1:   bridge window [mem 0xfd000000-0xfd0fffff]
Sep  6 12:13:30 ubuntu kernel: [    0.190413] pci 0000:00:15.1:   bridge window [mem 0xe7600000-0xe76fffff 64bit pref]
Sep  6 12:13:30 ubuntu kernel: [    0.190704] pci 0000:00:15.2: PCI bridge to [bus 05]
Sep  6 12:13:30 ubuntu kernel: [    0.190719] pci 0000:00:15.2:   bridge window [io  0xc000-0xcfff]
Sep  6 12:13:30 ubuntu kernel: [    0.190735] pci 0000:00:15.2:   bridge window [mem 0xfcc00000-0xfccfffff]
Sep  6 12:13:30 ubuntu kernel: [    0.190765] pci 0000:00:15.2:   bridge window [mem 0xe7200000-0xe72fffff 64bit pref]
Sep  6 12:13:30 ubuntu kernel: [    0.191108] pci 0000:00:15.3: PCI bridge to [bus 06]
Sep  6 12:13:30 ubuntu kernel: [    0.191138] pci 0000:00:15.3:   bridge window [mem 0xfc800000-0xfc8fffff]
Sep  6 12:13:30 ubuntu kernel: [    0.191168] pci 0000:00:15.3:   bridge window [mem 0xe6e00000-0xe6efffff 64bit pref]
Sep  6 12:13:30 ubuntu kernel: [    0.191459] pci 0000:00:15.4: PCI bridge to [bus 07]
Sep  6 12:13:30 ubuntu kernel: [    0.191489] pci 0000:00:15.4:   bridge window [mem 0xfc400000-0xfc4fffff]
Sep  6 12:13:30 ubuntu kernel: [    0.191518] pci 0000:00:15.4:   bridge window [mem 0xe6a00000-0xe6afffff 64bit pref]
Sep  6 12:13:30 ubuntu kernel: [    0.191811] pci 0000:00:15.5: PCI bridge to [bus 08]
Sep  6 12:13:30 ubuntu kernel: [    0.191841] pci 0000:00:15.5:   bridge window [mem 0xfc000000-0xfc0fffff]
Sep  6 12:13:30 ubuntu kernel: [    0.191876] pci 0000:00:15.5:   bridge window [mem 0xe6600000-0xe66fffff 64bit pref]
Sep  6 12:13:30 ubuntu kernel: [    0.192169] pci 0000:00:15.6: PCI bridge to [bus 09]
Sep  6 12:13:30 ubuntu kernel: [    0.192198] pci 0000:00:15.6:   bridge window [mem 0xfbc00000-0xfbcfffff]
Sep  6 12:13:30 ubuntu kernel: [    0.192228] pci 0000:00:15.6:   bridge window [mem 0xe6200000-0xe62fffff 64bit pref]
Sep  6 12:13:30 ubuntu kernel: [    0.192519] pci 0000:00:15.7: PCI bridge to [bus 0a]
Sep  6 12:13:30 ubuntu kernel: [    0.192549] pci 0000:00:15.7:   bridge window [mem 0xfb800000-0xfb8fffff]
Sep  6 12:13:30 ubuntu kernel: [    0.192579] pci 0000:00:15.7:   bridge window [mem 0xe5e00000-0xe5efffff 64bit pref]
Sep  6 12:13:30 ubuntu kernel: [    0.192874] pci 0000:00:16.0: PCI bridge to [bus 0b]
Sep  6 12:13:30 ubuntu kernel: [    0.192890] pci 0000:00:16.0:   bridge window [io  0x5000-0x5fff]
Sep  6 12:13:30 ubuntu kernel: [    0.192906] pci 0000:00:16.0:   bridge window [mem 0xfd300000-0xfd3fffff]
Sep  6 12:13:30 ubuntu kernel: [    0.192935] pci 0000:00:16.0:   bridge window [mem 0xe7900000-0xe79fffff 64bit pref]
Sep  6 12:13:30 ubuntu kernel: [    0.193228] pci 0000:00:16.1: PCI bridge to [bus 0c]
Sep  6 12:13:30 ubuntu kernel: [    0.193243] pci 0000:00:16.1:   bridge window [io  0x9000-0x9fff]
Sep  6 12:13:30 ubuntu kernel: [    0.193259] pci 0000:00:16.1:   bridge window [mem 0xfcf00000-0xfcffffff]
Sep  6 12:13:30 ubuntu kernel: [    0.193289] pci 0000:00:16.1:   bridge window [mem 0xe7500000-0xe75fffff 64bit pref]
Sep  6 12:13:30 ubuntu kernel: [    0.193631] pci 0000:00:16.2: PCI bridge to [bus 0d]
Sep  6 12:13:30 ubuntu kernel: [    0.193647] pci 0000:00:16.2:   bridge window [io  0xd000-0xdfff]
Sep  6 12:13:30 ubuntu kernel: [    0.193662] pci 0000:00:16.2:   bridge window [mem 0xfcb00000-0xfcbfffff]
Sep  6 12:13:30 ubuntu kernel: [    0.193692] pci 0000:00:16.2:   bridge window [mem 0xe7100000-0xe71fffff 64bit pref]
Sep  6 12:13:30 ubuntu kernel: [    0.193983] pci 0000:00:16.3: PCI bridge to [bus 0e]
Sep  6 12:13:30 ubuntu kernel: [    0.194013] pci 0000:00:16.3:   bridge window [mem 0xfc700000-0xfc7fffff]
Sep  6 12:13:30 ubuntu kernel: [    0.194042] pci 0000:00:16.3:   bridge window [mem 0xe6d00000-0xe6dfffff 64bit pref]
Sep  6 12:13:30 ubuntu kernel: [    0.194332] pci 0000:00:16.4: PCI bridge to [bus 0f]
Sep  6 12:13:30 ubuntu kernel: [    0.194362] pci 0000:00:16.4:   bridge window [mem 0xfc300000-0xfc3fffff]
Sep  6 12:13:30 ubuntu kernel: [    0.194392] pci 0000:00:16.4:   bridge window [mem 0xe6900000-0xe69fffff 64bit pref]
Sep  6 12:13:30 ubuntu kernel: [    0.194685] pci 0000:00:16.5: PCI bridge to [bus 10]
Sep  6 12:13:30 ubuntu kernel: [    0.194715] pci 0000:00:16.5:   bridge window [mem 0xfbf00000-0xfbffffff]
Sep  6 12:13:30 ubuntu kernel: [    0.194745] pci 0000:00:16.5:   bridge window [mem 0xe6500000-0xe65fffff 64bit pref]
Sep  6 12:13:30 ubuntu kernel: [    0.195036] pci 0000:00:16.6: PCI bridge to [bus 11]
Sep  6 12:13:30 ubuntu kernel: [    0.195066] pci 0000:00:16.6:   bridge window [mem 0xfbb00000-0xfbbfffff]
Sep  6 12:13:30 ubuntu kernel: [    0.195095] pci 0000:00:16.6:   bridge window [mem 0xe6100000-0xe61fffff 64bit pref]
Sep  6 12:13:30 ubuntu kernel: [    0.195389] pci 0000:00:16.7: PCI bridge to [bus 12]
Sep  6 12:13:30 ubuntu kernel: [    0.195418] pci 0000:00:16.7:   bridge window [mem 0xfb700000-0xfb7fffff]
Sep  6 12:13:30 ubuntu kernel: [    0.195448] pci 0000:00:16.7:   bridge window [mem 0xe5d00000-0xe5dfffff 64bit pref]
Sep  6 12:13:30 ubuntu kernel: [    0.195762] pci 0000:00:17.0: PCI bridge to [bus 13]
Sep  6 12:13:30 ubuntu kernel: [    0.195778] pci 0000:00:17.0:   bridge window [io  0x6000-0x6fff]
Sep  6 12:13:30 ubuntu kernel: [    0.195815] pci 0000:00:17.0:   bridge window [mem 0xfd200000-0xfd2fffff]
Sep  6 12:13:30 ubuntu kernel: [    0.195845] pci 0000:00:17.0:   bridge window [mem 0xe7800000-0xe78fffff 64bit pref]
Sep  6 12:13:30 ubuntu kernel: [    0.196143] pci 0000:00:17.1: PCI bridge to [bus 14]
Sep  6 12:13:30 ubuntu kernel: [    0.196158] pci 0000:00:17.1:   bridge window [io  0xa000-0xafff]
Sep  6 12:13:30 ubuntu kernel: [    0.196174] pci 0000:00:17.1:   bridge window [mem 0xfce00000-0xfcefffff]
Sep  6 12:13:30 ubuntu kernel: [    0.196204] pci 0000:00:17.1:   bridge window [mem 0xe7400000-0xe74fffff 64bit pref]
Sep  6 12:13:30 ubuntu kernel: [    0.196498] pci 0000:00:17.2: PCI bridge to [bus 15]
Sep  6 12:13:30 ubuntu kernel: [    0.196514] pci 0000:00:17.2:   bridge window [io  0xe000-0xefff]
Sep  6 12:13:30 ubuntu kernel: [    0.196529] pci 0000:00:17.2:   bridge window [mem 0xfca00000-0xfcafffff]
Sep  6 12:13:30 ubuntu kernel: [    0.196559] pci 0000:00:17.2:   bridge window [mem 0xe7000000-0xe70fffff 64bit pref]
Sep  6 12:13:30 ubuntu kernel: [    0.196851] pci 0000:00:17.3: PCI bridge to [bus 16]
Sep  6 12:13:30 ubuntu kernel: [    0.196880] pci 0000:00:17.3:   bridge window [mem 0xfc600000-0xfc6fffff]
Sep  6 12:13:30 ubuntu kernel: [    0.196910] pci 0000:00:17.3:   bridge window [mem 0xe6c00000-0xe6cfffff 64bit pref]
Sep  6 12:13:30 ubuntu kernel: [    0.197204] pci 0000:00:17.4: PCI bridge to [bus 17]
Sep  6 12:13:30 ubuntu kernel: [    0.197234] pci 0000:00:17.4:   bridge window [mem 0xfc200000-0xfc2fffff]
Sep  6 12:13:30 ubuntu kernel: [    0.197264] pci 0000:00:17.4:   bridge window [mem 0xe6800000-0xe68fffff 64bit pref]
Sep  6 12:13:30 ubuntu kernel: [    0.197556] pci 0000:00:17.5: PCI bridge to [bus 18]
Sep  6 12:13:30 ubuntu kernel: [    0.197585] pci 0000:00:17.5:   bridge window [mem 0xfbe00000-0xfbefffff]
Sep  6 12:13:30 ubuntu kernel: [    0.197615] pci 0000:00:17.5:   bridge window [mem 0xe6400000-0xe64fffff 64bit pref]
Sep  6 12:13:30 ubuntu kernel: [    0.197908] pci 0000:00:17.6: PCI bridge to [bus 19]
Sep  6 12:13:30 ubuntu kernel: [    0.197938] pci 0000:00:17.6:   bridge window [mem 0xfba00000-0xfbafffff]
Sep  6 12:13:30 ubuntu kernel: [    0.197968] pci 0000:00:17.6:   bridge window [mem 0xe6000000-0xe60fffff 64bit pref]
Sep  6 12:13:30 ubuntu kernel: [    0.198311] pci 0000:00:17.7: PCI bridge to [bus 1a]
Sep  6 12:13:30 ubuntu kernel: [    0.198340] pci 0000:00:17.7:   bridge window [mem 0xfb600000-0xfb6fffff]
Sep  6 12:13:30 ubuntu kernel: [    0.198370] pci 0000:00:17.7:   bridge window [mem 0xe5c00000-0xe5cfffff 64bit pref]
Sep  6 12:13:30 ubuntu kernel: [    0.198662] pci 0000:00:18.0: PCI bridge to [bus 1b]
Sep  6 12:13:30 ubuntu kernel: [    0.198677] pci 0000:00:18.0:   bridge window [io  0x7000-0x7fff]
Sep  6 12:13:30 ubuntu kernel: [    0.198693] pci 0000:00:18.0:   bridge window [mem 0xfd100000-0xfd1fffff]
Sep  6 12:13:30 ubuntu kernel: [    0.198723] pci 0000:00:18.0:   bridge window [mem 0xe7700000-0xe77fffff 64bit pref]
Sep  6 12:13:30 ubuntu kernel: [    0.199018] pci 0000:00:18.1: PCI bridge to [bus 1c]
Sep  6 12:13:30 ubuntu kernel: [    0.199033] pci 0000:00:18.1:   bridge window [io  0xb000-0xbfff]
Sep  6 12:13:30 ubuntu kernel: [    0.199049] pci 0000:00:18.1:   bridge window [mem 0xfcd00000-0xfcdfffff]
Sep  6 12:13:30 ubuntu kernel: [    0.199078] pci 0000:00:18.1:   bridge window [mem 0xe7300000-0xe73fffff 64bit pref]
Sep  6 12:13:30 ubuntu kernel: [    0.199370] pci 0000:00:18.2: PCI bridge to [bus 1d]
Sep  6 12:13:30 ubuntu kernel: [    0.199400] pci 0000:00:18.2:   bridge window [mem 0xfc900000-0xfc9fffff]
Sep  6 12:13:30 ubuntu kernel: [    0.199429] pci 0000:00:18.2:   bridge window [mem 0xe6f00000-0xe6ffffff 64bit pref]
Sep  6 12:13:30 ubuntu kernel: [    0.199723] pci 0000:00:18.3: PCI bridge to [bus 1e]
Sep  6 12:13:30 ubuntu kernel: [    0.199753] pci 0000:00:18.3:   bridge window [mem 0xfc500000-0xfc5fffff]
Sep  6 12:13:30 ubuntu kernel: [    0.199783] pci 0000:00:18.3:   bridge window [mem 0xe6b00000-0xe6bfffff 64bit pref]
Sep  6 12:13:30 ubuntu kernel: [    0.200085] pci 0000:00:18.4: PCI bridge to [bus 1f]
Sep  6 12:13:30 ubuntu kernel: [    0.200115] pci 0000:00:18.4:   bridge window [mem 0xfc100000-0xfc1fffff]
Sep  6 12:13:30 ubuntu kernel: [    0.200144] pci 0000:00:18.4:   bridge window [mem 0xe6700000-0xe67fffff 64bit pref]
Sep  6 12:13:30 ubuntu kernel: [    0.200439] pci 0000:00:18.5: PCI bridge to [bus 20]
Sep  6 12:13:30 ubuntu kernel: [    0.200510] pci 0000:00:18.5:   bridge window [mem 0xfbd00000-0xfbdfffff]
Sep  6 12:13:30 ubuntu kernel: [    0.200558] pci 0000:00:18.5:   bridge window [mem 0xe6300000-0xe63fffff 64bit pref]
Sep  6 12:13:30 ubuntu kernel: [    0.200864] pci 0000:00:18.6: PCI bridge to [bus 21]
Sep  6 12:13:30 ubuntu kernel: [    0.200893] pci 0000:00:18.6:   bridge window [mem 0xfb900000-0xfb9fffff]
Sep  6 12:13:30 ubuntu kernel: [    0.200923] pci 0000:00:18.6:   bridge window [mem 0xe5f00000-0xe5ffffff 64bit pref]
Sep  6 12:13:30 ubuntu kernel: [    0.201215] pci 0000:00:18.7: PCI bridge to [bus 22]
Sep  6 12:13:30 ubuntu kernel: [    0.201245] pci 0000:00:18.7:   bridge window [mem 0xfb500000-0xfb5fffff]
Sep  6 12:13:30 ubuntu kernel: [    0.201275] pci 0000:00:18.7:   bridge window [mem 0xe5b00000-0xe5bfffff 64bit pref]
Sep  6 12:13:30 ubuntu kernel: [    0.202589] pci_bus 0000:00: on NUMA node 0
Sep  6 12:13:30 ubuntu kernel: [    0.202655] ACPI: PCI Interrupt Link [LNKA] (IRQs 3 4 5 6 7 *9 10 11 14 15)
Sep  6 12:13:30 ubuntu kernel: [    0.202709] ACPI: PCI Interrupt Link [LNKB] (IRQs 3 4 5 6 7 9 10 *11 14 15)
Sep  6 12:13:30 ubuntu kernel: [    0.202761] ACPI: PCI Interrupt Link [LNKC] (IRQs 3 4 5 6 7 9 *10 11 14 15)
Sep  6 12:13:30 ubuntu kernel: [    0.202813] ACPI: PCI Interrupt Link [LNKD] (IRQs 3 4 5 6 *7 9 10 11 14 15)
Sep  6 12:13:30 ubuntu kernel: [    0.210401] ACPI: Enabled 2 GPEs in block 00 to 0F
Sep  6 12:13:30 ubuntu kernel: [    0.210405] ACPI: \_SB_.PCI0: notify handler is installed
Sep  6 12:13:30 ubuntu kernel: [    0.210486] Found 1 acpi root devices
Sep  6 12:13:30 ubuntu kernel: [    0.210560] vgaarb: device added: PCI:0000:00:0f.0,decodes=io+mem,owns=io+mem,locks=none
Sep  6 12:13:30 ubuntu kernel: [    0.210563] vgaarb: loaded
Sep  6 12:13:30 ubuntu kernel: [    0.210564] vgaarb: bridge control possible 0000:00:0f.0
Sep  6 12:13:30 ubuntu kernel: [    0.210684] SCSI subsystem initialized
Sep  6 12:13:30 ubuntu kernel: [    0.210718] libata version 3.00 loaded.
Sep  6 12:13:30 ubuntu kernel: [    0.210732] ACPI: bus type USB registered
Sep  6 12:13:30 ubuntu kernel: [    0.210743] usbcore: registered new interface driver usbfs
Sep  6 12:13:30 ubuntu kernel: [    0.210748] usbcore: registered new interface driver hub
Sep  6 12:13:30 ubuntu kernel: [    0.210760] usbcore: registered new device driver usb
Sep  6 12:13:30 ubuntu kernel: [    0.210817] PCI: Using ACPI for IRQ routing
Sep  6 12:13:30 ubuntu kernel: [    0.231887] PCI: pci_cache_line_size set to 64 bytes
Sep  6 12:13:30 ubuntu kernel: [    0.232568] e820: reserve RAM buffer [mem 0x0009e800-0x0009ffff]
Sep  6 12:13:30 ubuntu kernel: [    0.232569] e820: reserve RAM buffer [mem 0x3fee0000-0x3fffffff]
Sep  6 12:13:30 ubuntu kernel: [    0.232623] NetLabel: Initializing
Sep  6 12:13:30 ubuntu kernel: [    0.232624] NetLabel:  domain hash size = 128
Sep  6 12:13:30 ubuntu kernel: [    0.232625] NetLabel:  protocols = UNLABELED CIPSOv4
Sep  6 12:13:30 ubuntu kernel: [    0.232632] NetLabel:  unlabeled traffic allowed by default
Sep  6 12:13:30 ubuntu kernel: [    0.232768] hpet0: at MMIO 0xfed00000, IRQs 2, 8, 0, 0, 0, 0, 0, 0, 0, 0, 0, 0, 0, 0, 0, 0
Sep  6 12:13:30 ubuntu kernel: [    0.232773] hpet0: 16 comparators, 64-bit 14.318180 MHz counter
Sep  6 12:13:30 ubuntu kernel: [    0.235856] Switched to clocksource hpet
Sep  6 12:13:30 ubuntu kernel: [    0.239779] AppArmor: AppArmor Filesystem Enabled
Sep  6 12:13:30 ubuntu kernel: [    0.239790] pnp: PnP ACPI init
Sep  6 12:13:30 ubuntu kernel: [    0.239798] ACPI: bus type PNP registered
Sep  6 12:13:30 ubuntu kernel: [    0.239916] system 00:00: [io  0x1000-0x103f] could not be reserved
Sep  6 12:13:30 ubuntu kernel: [    0.239917] system 00:00: [io  0x1040-0x104f] has been reserved
Sep  6 12:13:30 ubuntu kernel: [    0.239919] system 00:00: [io  0x0cf0-0x0cf1] has been reserved
Sep  6 12:13:30 ubuntu kernel: [    0.239921] system 00:00: Plug and Play ACPI device, IDs PNP0c02 (active)
Sep  6 12:13:30 ubuntu kernel: [    0.239926] pnp 00:01: [dma 4]
Sep  6 12:13:30 ubuntu kernel: [    0.239937] pnp 00:01: Plug and Play ACPI device, IDs PNP0200 (active)
Sep  6 12:13:30 ubuntu kernel: [    0.239947] pnp 00:02: Plug and Play ACPI device, IDs PNP0001 (active)
Sep  6 12:13:30 ubuntu kernel: [    0.239968] pnp 00:03: Plug and Play ACPI device, IDs PNP0b00 (active)
Sep  6 12:13:30 ubuntu kernel: [    0.239980] pnp 00:04: Plug and Play ACPI device, IDs PNP0800 (active)
Sep  6 12:13:30 ubuntu kernel: [    0.239992] pnp 00:05: Plug and Play ACPI device, IDs PNP0303 (active)
Sep  6 12:13:30 ubuntu kernel: [    0.240007] pnp 00:06: Plug and Play ACPI device, IDs VMW0003 PNP0f13 (active)
Sep  6 12:13:30 ubuntu kernel: [    0.240136] system 00:07: [mem 0xfed00000-0xfed003ff] has been reserved
Sep  6 12:13:30 ubuntu kernel: [    0.240137] system 00:07: Plug and Play ACPI device, IDs PNP0103 PNP0c01 (active)
Sep  6 12:13:30 ubuntu kernel: [    0.241065] pnp 00:08: Plug and Play ACPI device, IDs PNP0501 (active)
Sep  6 12:13:30 ubuntu kernel: [    0.241245] pnp 00:09: [dma 2]
Sep  6 12:13:30 ubuntu kernel: [    0.241270] pnp 00:09: Plug and Play ACPI device, IDs PNP0700 (active)
Sep  6 12:13:30 ubuntu kernel: [    0.241393] system 00:0a: [io  0xfce0-0xfcff] has been reserved
Sep  6 12:13:30 ubuntu kernel: [    0.241395] system 00:0a: [mem 0xf0000000-0xf7ffffff] has been reserved
Sep  6 12:13:30 ubuntu kernel: [    0.241397] system 00:0a: [mem 0xfe800000-0xfe9fffff] has been reserved
Sep  6 12:13:30 ubuntu kernel: [    0.241398] system 00:0a: Plug and Play ACPI device, IDs PNP0c02 (active)
Sep  6 12:13:30 ubuntu kernel: [    0.244396] pnp 00:0b: Plug and Play ACPI device, IDs PNP0c80 (active)
Sep  6 12:13:30 ubuntu kernel: [    0.244880] pnp: PnP ACPI: found 12 devices
Sep  6 12:13:30 ubuntu kernel: [    0.244881] ACPI: bus type PNP unregistered
Sep  6 12:13:30 ubuntu kernel: [    0.244884] PnPBIOS: Disabled by ACPI PNP
Sep  6 12:13:30 ubuntu kernel: [    0.280247] pci 0000:00:15.3: bridge window [io  0x1000-0x0fff] to [bus 06] add_size 1000
Sep  6 12:13:30 ubuntu kernel: [    0.280293] pci 0000:00:15.4: bridge window [io  0x1000-0x0fff] to [bus 07] add_size 1000
Sep  6 12:13:30 ubuntu kernel: [    0.280338] pci 0000:00:15.5: bridge window [io  0x1000-0x0fff] to [bus 08] add_size 1000
Sep  6 12:13:30 ubuntu kernel: [    0.280382] pci 0000:00:15.6: bridge window [io  0x1000-0x0fff] to [bus 09] add_size 1000
Sep  6 12:13:30 ubuntu kernel: [    0.280427] pci 0000:00:15.7: bridge window [io  0x1000-0x0fff] to [bus 0a] add_size 1000
Sep  6 12:13:30 ubuntu kernel: [    0.280576] pci 0000:00:16.3: bridge window [io  0x1000-0x0fff] to [bus 0e] add_size 1000
Sep  6 12:13:30 ubuntu kernel: [    0.280621] pci 0000:00:16.4: bridge window [io  0x1000-0x0fff] to [bus 0f] add_size 1000
Sep  6 12:13:30 ubuntu kernel: [    0.280665] pci 0000:00:16.5: bridge window [io  0x1000-0x0fff] to [bus 10] add_size 1000
Sep  6 12:13:30 ubuntu kernel: [    0.280710] pci 0000:00:16.6: bridge window [io  0x1000-0x0fff] to [bus 11] add_size 1000
Sep  6 12:13:30 ubuntu kernel: [    0.280754] pci 0000:00:16.7: bridge window [io  0x1000-0x0fff] to [bus 12] add_size 1000
Sep  6 12:13:30 ubuntu kernel: [    0.280903] pci 0000:00:17.3: bridge window [io  0x1000-0x0fff] to [bus 16] add_size 1000
Sep  6 12:13:30 ubuntu kernel: [    0.280947] pci 0000:00:17.4: bridge window [io  0x1000-0x0fff] to [bus 17] add_size 1000
Sep  6 12:13:30 ubuntu kernel: [    0.280992] pci 0000:00:17.5: bridge window [io  0x1000-0x0fff] to [bus 18] add_size 1000
Sep  6 12:13:30 ubuntu kernel: [    0.281036] pci 0000:00:17.6: bridge window [io  0x1000-0x0fff] to [bus 19] add_size 1000
Sep  6 12:13:30 ubuntu kernel: [    0.281081] pci 0000:00:17.7: bridge window [io  0x1000-0x0fff] to [bus 1a] add_size 1000
Sep  6 12:13:30 ubuntu kernel: [    0.281220] pci 0000:00:18.2: bridge window [io  0x1000-0x0fff] to [bus 1d] add_size 1000
Sep  6 12:13:30 ubuntu kernel: [    0.281289] pci 0000:00:18.3: bridge window [io  0x1000-0x0fff] to [bus 1e] add_size 1000
Sep  6 12:13:30 ubuntu kernel: [    0.281335] pci 0000:00:18.4: bridge window [io  0x1000-0x0fff] to [bus 1f] add_size 1000
Sep  6 12:13:30 ubuntu kernel: [    0.281380] pci 0000:00:18.5: bridge window [io  0x1000-0x0fff] to [bus 20] add_size 1000
Sep  6 12:13:30 ubuntu kernel: [    0.281426] pci 0000:00:18.6: bridge window [io  0x1000-0x0fff] to [bus 21] add_size 1000
Sep  6 12:13:30 ubuntu kernel: [    0.281472] pci 0000:00:18.7: bridge window [io  0x1000-0x0fff] to [bus 22] add_size 1000
Sep  6 12:13:30 ubuntu kernel: [    0.281490] pci 0000:00:15.3: res[13]=[io  0x1000-0x0fff] get_res_add_size add_size 1000
Sep  6 12:13:30 ubuntu kernel: [    0.281492] pci 0000:00:15.4: res[13]=[io  0x1000-0x0fff] get_res_add_size add_size 1000
Sep  6 12:13:30 ubuntu kernel: [    0.281493] pci 0000:00:15.5: res[13]=[io  0x1000-0x0fff] get_res_add_size add_size 1000
Sep  6 12:13:30 ubuntu kernel: [    0.281495] pci 0000:00:15.6: res[13]=[io  0x1000-0x0fff] get_res_add_size add_size 1000
Sep  6 12:13:30 ubuntu kernel: [    0.281496] pci 0000:00:15.7: res[13]=[io  0x1000-0x0fff] get_res_add_size add_size 1000
Sep  6 12:13:30 ubuntu kernel: [    0.281497] pci 0000:00:16.3: res[13]=[io  0x1000-0x0fff] get_res_add_size add_size 1000
Sep  6 12:13:30 ubuntu kernel: [    0.281499] pci 0000:00:16.4: res[13]=[io  0x1000-0x0fff] get_res_add_size add_size 1000
Sep  6 12:13:30 ubuntu kernel: [    0.281500] pci 0000:00:16.5: res[13]=[io  0x1000-0x0fff] get_res_add_size add_size 1000
Sep  6 12:13:30 ubuntu kernel: [    0.281501] pci 0000:00:16.6: res[13]=[io  0x1000-0x0fff] get_res_add_size add_size 1000
Sep  6 12:13:30 ubuntu kernel: [    0.281503] pci 0000:00:16.7: res[13]=[io  0x1000-0x0fff] get_res_add_size add_size 1000
Sep  6 12:13:30 ubuntu kernel: [    0.281504] pci 0000:00:17.3: res[13]=[io  0x1000-0x0fff] get_res_add_size add_size 1000
Sep  6 12:13:30 ubuntu kernel: [    0.281506] pci 0000:00:17.4: res[13]=[io  0x1000-0x0fff] get_res_add_size add_size 1000
Sep  6 12:13:30 ubuntu kernel: [    0.281507] pci 0000:00:17.5: res[13]=[io  0x1000-0x0fff] get_res_add_size add_size 1000
Sep  6 12:13:30 ubuntu kernel: [    0.281508] pci 0000:00:17.6: res[13]=[io  0x1000-0x0fff] get_res_add_size add_size 1000
Sep  6 12:13:30 ubuntu kernel: [    0.281510] pci 0000:00:17.7: res[13]=[io  0x1000-0x0fff] get_res_add_size add_size 1000
Sep  6 12:13:30 ubuntu kernel: [    0.281511] pci 0000:00:18.2: res[13]=[io  0x1000-0x0fff] get_res_add_size add_size 1000
Sep  6 12:13:30 ubuntu kernel: [    0.281512] pci 0000:00:18.3: res[13]=[io  0x1000-0x0fff] get_res_add_size add_size 1000
Sep  6 12:13:30 ubuntu kernel: [    0.281514] pci 0000:00:18.4: res[13]=[io  0x1000-0x0fff] get_res_add_size add_size 1000
Sep  6 12:13:30 ubuntu kernel: [    0.281515] pci 0000:00:18.5: res[13]=[io  0x1000-0x0fff] get_res_add_size add_size 1000
Sep  6 12:13:30 ubuntu kernel: [    0.281517] pci 0000:00:18.6: res[13]=[io  0x1000-0x0fff] get_res_add_size add_size 1000
Sep  6 12:13:30 ubuntu kernel: [    0.281518] pci 0000:00:18.7: res[13]=[io  0x1000-0x0fff] get_res_add_size add_size 1000
Sep  6 12:13:30 ubuntu kernel: [    0.281521] pci 0000:00:0f.0: BAR 6: assigned [mem 0xc0000000-0xc0007fff pref]
Sep  6 12:13:30 ubuntu kernel: [    0.281524] pci 0000:00:10.0: BAR 6: assigned [mem 0xc0008000-0xc000bfff pref]
Sep  6 12:13:30 ubuntu kernel: [    0.281527] pci 0000:00:15.3: BAR 13: can't assign io (size 0x1000)
Sep  6 12:13:30 ubuntu kernel: [    0.281529] pci 0000:00:15.4: BAR 13: can't assign io (size 0x1000)
Sep  6 12:13:30 ubuntu kernel: [    0.281531] pci 0000:00:15.5: BAR 13: can't assign io (size 0x1000)
Sep  6 12:13:30 ubuntu kernel: [    0.281533] pci 0000:00:15.6: BAR 13: can't assign io (size 0x1000)
Sep  6 12:13:30 ubuntu kernel: [    0.281535] pci 0000:00:15.7: BAR 13: can't assign io (size 0x1000)
Sep  6 12:13:30 ubuntu kernel: [    0.281536] pci 0000:00:16.3: BAR 13: can't assign io (size 0x1000)
Sep  6 12:13:30 ubuntu kernel: [    0.281538] pci 0000:00:16.4: BAR 13: can't assign io (size 0x1000)
Sep  6 12:13:30 ubuntu kernel: [    0.281540] pci 0000:00:16.5: BAR 13: can't assign io (size 0x1000)
Sep  6 12:13:30 ubuntu kernel: [    0.281542] pci 0000:00:16.6: BAR 13: can't assign io (size 0x1000)
Sep  6 12:13:30 ubuntu kernel: [    0.281544] pci 0000:00:16.7: BAR 13: can't assign io (size 0x1000)
Sep  6 12:13:30 ubuntu kernel: [    0.281546] pci 0000:00:17.3: BAR 13: can't assign io (size 0x1000)
Sep  6 12:13:30 ubuntu kernel: [    0.281548] pci 0000:00:17.4: BAR 13: can't assign io (size 0x1000)
Sep  6 12:13:30 ubuntu kernel: [    0.281550] pci 0000:00:17.5: BAR 13: can't assign io (size 0x1000)
Sep  6 12:13:30 ubuntu kernel: [    0.281551] pci 0000:00:17.6: BAR 13: can't assign io (size 0x1000)
Sep  6 12:13:30 ubuntu kernel: [    0.281553] pci 0000:00:17.7: BAR 13: can't assign io (size 0x1000)
Sep  6 12:13:30 ubuntu kernel: [    0.281555] pci 0000:00:18.2: BAR 13: can't assign io (size 0x1000)
Sep  6 12:13:30 ubuntu kernel: [    0.281557] pci 0000:00:18.3: BAR 13: can't assign io (size 0x1000)
Sep  6 12:13:30 ubuntu kernel: [    0.281559] pci 0000:00:18.4: BAR 13: can't assign io (size 0x1000)
Sep  6 12:13:30 ubuntu kernel: [    0.281561] pci 0000:00:18.5: BAR 13: can't assign io (size 0x1000)
Sep  6 12:13:30 ubuntu kernel: [    0.281563] pci 0000:00:18.6: BAR 13: can't assign io (size 0x1000)
Sep  6 12:13:30 ubuntu kernel: [    0.281564] pci 0000:00:18.7: BAR 13: can't assign io (size 0x1000)
Sep  6 12:13:30 ubuntu kernel: [    0.281568] pci 0000:00:18.7: BAR 13: can't assign io (size 0x1000)
Sep  6 12:13:30 ubuntu kernel: [    0.281570] pci 0000:00:18.6: BAR 13: can't assign io (size 0x1000)
Sep  6 12:13:30 ubuntu kernel: [    0.281572] pci 0000:00:18.5: BAR 13: can't assign io (size 0x1000)
Sep  6 12:13:30 ubuntu kernel: [    0.281574] pci 0000:00:18.4: BAR 13: can't assign io (size 0x1000)
Sep  6 12:13:30 ubuntu kernel: [    0.281575] pci 0000:00:18.3: BAR 13: can't assign io (size 0x1000)
Sep  6 12:13:30 ubuntu kernel: [    0.281577] pci 0000:00:18.2: BAR 13: can't assign io (size 0x1000)
Sep  6 12:13:30 ubuntu kernel: [    0.281579] pci 0000:00:17.7: BAR 13: can't assign io (size 0x1000)
Sep  6 12:13:30 ubuntu kernel: [    0.281581] pci 0000:00:17.6: BAR 13: can't assign io (size 0x1000)
Sep  6 12:13:30 ubuntu kernel: [    0.281583] pci 0000:00:17.5: BAR 13: can't assign io (size 0x1000)
Sep  6 12:13:30 ubuntu kernel: [    0.281585] pci 0000:00:17.4: BAR 13: can't assign io (size 0x1000)
Sep  6 12:13:30 ubuntu kernel: [    0.281586] pci 0000:00:17.3: BAR 13: can't assign io (size 0x1000)
Sep  6 12:13:30 ubuntu kernel: [    0.281588] pci 0000:00:16.7: BAR 13: can't assign io (size 0x1000)
Sep  6 12:13:30 ubuntu kernel: [    0.281590] pci 0000:00:16.6: BAR 13: can't assign io (size 0x1000)
Sep  6 12:13:30 ubuntu kernel: [    0.281592] pci 0000:00:16.5: BAR 13: can't assign io (size 0x1000)
Sep  6 12:13:30 ubuntu kernel: [    0.281594] pci 0000:00:16.4: BAR 13: can't assign io (size 0x1000)
Sep  6 12:13:30 ubuntu kernel: [    0.281596] pci 0000:00:16.3: BAR 13: can't assign io (size 0x1000)
Sep  6 12:13:30 ubuntu kernel: [    0.281597] pci 0000:00:15.7: BAR 13: can't assign io (size 0x1000)
Sep  6 12:13:30 ubuntu kernel: [    0.281599] pci 0000:00:15.6: BAR 13: can't assign io (size 0x1000)
Sep  6 12:13:30 ubuntu kernel: [    0.281601] pci 0000:00:15.5: BAR 13: can't assign io (size 0x1000)
Sep  6 12:13:30 ubuntu kernel: [    0.281603] pci 0000:00:15.4: BAR 13: can't assign io (size 0x1000)
Sep  6 12:13:30 ubuntu kernel: [    0.281605] pci 0000:00:15.3: BAR 13: can't assign io (size 0x1000)
Sep  6 12:13:30 ubuntu kernel: [    0.281607] pci 0000:00:01.0: PCI bridge to [bus 01]
Sep  6 12:13:30 ubuntu kernel: [    0.281675] pci 0000:02:01.0: BAR 6: assigned [mem 0xe7b00000-0xe7b0ffff pref]
Sep  6 12:13:30 ubuntu kernel: [    0.281677] pci 0000:02:05.0: BAR 6: assigned [mem 0xe7b10000-0xe7b1ffff pref]
Sep  6 12:13:30 ubuntu kernel: [    0.281679] pci 0000:00:11.0: PCI bridge to [bus 02]
Sep  6 12:13:30 ubuntu kernel: [    0.281688] pci 0000:00:11.0:   bridge window [io  0x2000-0x3fff]
Sep  6 12:13:30 ubuntu kernel: [    0.281711] pci 0000:00:11.0:   bridge window [mem 0xfd500000-0xfdffffff]
Sep  6 12:13:30 ubuntu kernel: [    0.281727] pci 0000:00:11.0:   bridge window [mem 0xe7b00000-0xe7ffffff 64bit pref]
Sep  6 12:13:30 ubuntu kernel: [    0.281757] pci 0000:00:15.0: PCI bridge to [bus 03]
Sep  6 12:13:30 ubuntu kernel: [    0.281766] pci 0000:00:15.0:   bridge window [io  0x4000-0x4fff]
Sep  6 12:13:30 ubuntu kernel: [    0.281789] pci 0000:00:15.0:   bridge window [mem 0xfd400000-0xfd4fffff]
Sep  6 12:13:30 ubuntu kernel: [    0.281805] pci 0000:00:15.0:   bridge window [mem 0xe7a00000-0xe7afffff 64bit pref]
Sep  6 12:13:30 ubuntu kernel: [    0.281857] pci 0000:00:15.1: PCI bridge to [bus 04]
Sep  6 12:13:30 ubuntu kernel: [    0.281867] pci 0000:00:15.1:   bridge window [io  0x8000-0x8fff]
Sep  6 12:13:30 ubuntu kernel: [    0.281890] pci 0000:00:15.1:   bridge window [mem 0xfd000000-0xfd0fffff]
Sep  6 12:13:30 ubuntu kernel: [    0.281906] pci 0000:00:15.1:   bridge window [mem 0xe7600000-0xe76fffff 64bit pref]
Sep  6 12:13:30 ubuntu kernel: [    0.281943] pci 0000:00:15.2: PCI bridge to [bus 05]
Sep  6 12:13:30 ubuntu kernel: [    0.281952] pci 0000:00:15.2:   bridge window [io  0xc000-0xcfff]
Sep  6 12:13:30 ubuntu kernel: [    0.281975] pci 0000:00:15.2:   bridge window [mem 0xfcc00000-0xfccfffff]
Sep  6 12:13:30 ubuntu kernel: [    0.281991] pci 0000:00:15.2:   bridge window [mem 0xe7200000-0xe72fffff 64bit pref]
Sep  6 12:13:30 ubuntu kernel: [    0.282027] pci 0000:00:15.3: PCI bridge to [bus 06]
Sep  6 12:13:30 ubuntu kernel: [    0.282051] pci 0000:00:15.3:   bridge window [mem 0xfc800000-0xfc8fffff]
Sep  6 12:13:30 ubuntu kernel: [    0.282067] pci 0000:00:15.3:   bridge window [mem 0xe6e00000-0xe6efffff 64bit pref]
Sep  6 12:13:30 ubuntu kernel: [    0.282112] pci 0000:00:15.4: PCI bridge to [bus 07]
Sep  6 12:13:30 ubuntu kernel: [    0.282160] pci 0000:00:15.4:   bridge window [mem 0xfc400000-0xfc4fffff]
Sep  6 12:13:30 ubuntu kernel: [    0.282186] pci 0000:00:15.4:   bridge window [mem 0xe6a00000-0xe6afffff 64bit pref]
Sep  6 12:13:30 ubuntu kernel: [    0.282221] pci 0000:00:15.5: PCI bridge to [bus 08]
Sep  6 12:13:30 ubuntu kernel: [    0.282245] pci 0000:00:15.5:   bridge window [mem 0xfc000000-0xfc0fffff]
Sep  6 12:13:30 ubuntu kernel: [    0.282261] pci 0000:00:15.5:   bridge window [mem 0xe6600000-0xe66fffff 64bit pref]
Sep  6 12:13:30 ubuntu kernel: [    0.282296] pci 0000:00:15.6: PCI bridge to [bus 09]
Sep  6 12:13:30 ubuntu kernel: [    0.282319] pci 0000:00:15.6:   bridge window [mem 0xfbc00000-0xfbcfffff]
Sep  6 12:13:30 ubuntu kernel: [    0.282335] pci 0000:00:15.6:   bridge window [mem 0xe6200000-0xe62fffff 64bit pref]
Sep  6 12:13:30 ubuntu kernel: [    0.282370] pci 0000:00:15.7: PCI bridge to [bus 0a]
Sep  6 12:13:30 ubuntu kernel: [    0.282394] pci 0000:00:15.7:   bridge window [mem 0xfb800000-0xfb8fffff]
Sep  6 12:13:30 ubuntu kernel: [    0.282410] pci 0000:00:15.7:   bridge window [mem 0xe5e00000-0xe5efffff 64bit pref]
Sep  6 12:13:30 ubuntu kernel: [    0.282445] pci 0000:00:16.0: PCI bridge to [bus 0b]
Sep  6 12:13:30 ubuntu kernel: [    0.282454] pci 0000:00:16.0:   bridge window [io  0x5000-0x5fff]
Sep  6 12:13:30 ubuntu kernel: [    0.282477] pci 0000:00:16.0:   bridge window [mem 0xfd300000-0xfd3fffff]
Sep  6 12:13:30 ubuntu kernel: [    0.282493] pci 0000:00:16.0:   bridge window [mem 0xe7900000-0xe79fffff 64bit pref]
Sep  6 12:13:30 ubuntu kernel: [    0.282528] pci 0000:00:16.1: PCI bridge to [bus 0c]
Sep  6 12:13:30 ubuntu kernel: [    0.282538] pci 0000:00:16.1:   bridge window [io  0x9000-0x9fff]
Sep  6 12:13:30 ubuntu kernel: [    0.282561] pci 0000:00:16.1:   bridge window [mem 0xfcf00000-0xfcffffff]
Sep  6 12:13:30 ubuntu kernel: [    0.282577] pci 0000:00:16.1:   bridge window [mem 0xe7500000-0xe75fffff 64bit pref]
Sep  6 12:13:30 ubuntu kernel: [    0.282612] pci 0000:00:16.2: PCI bridge to [bus 0d]
Sep  6 12:13:30 ubuntu kernel: [    0.282621] pci 0000:00:16.2:   bridge window [io  0xd000-0xdfff]
Sep  6 12:13:30 ubuntu kernel: [    0.282644] pci 0000:00:16.2:   bridge window [mem 0xfcb00000-0xfcbfffff]
Sep  6 12:13:30 ubuntu kernel: [    0.282660] pci 0000:00:16.2:   bridge window [mem 0xe7100000-0xe71fffff 64bit pref]
Sep  6 12:13:30 ubuntu kernel: [    0.282695] pci 0000:00:16.3: PCI bridge to [bus 0e]
Sep  6 12:13:30 ubuntu kernel: [    0.282718] pci 0000:00:16.3:   bridge window [mem 0xfc700000-0xfc7fffff]
Sep  6 12:13:30 ubuntu kernel: [    0.282734] pci 0000:00:16.3:   bridge window [mem 0xe6d00000-0xe6dfffff 64bit pref]
Sep  6 12:13:30 ubuntu kernel: [    0.282769] pci 0000:00:16.4: PCI bridge to [bus 0f]
Sep  6 12:13:30 ubuntu kernel: [    0.282793] pci 0000:00:16.4:   bridge window [mem 0xfc300000-0xfc3fffff]
Sep  6 12:13:30 ubuntu kernel: [    0.282809] pci 0000:00:16.4:   bridge window [mem 0xe6900000-0xe69fffff 64bit pref]
Sep  6 12:13:30 ubuntu kernel: [    0.282844] pci 0000:00:16.5: PCI bridge to [bus 10]
Sep  6 12:13:30 ubuntu kernel: [    0.282867] pci 0000:00:16.5:   bridge window [mem 0xfbf00000-0xfbffffff]
Sep  6 12:13:30 ubuntu kernel: [    0.282883] pci 0000:00:16.5:   bridge window [mem 0xe6500000-0xe65fffff 64bit pref]
Sep  6 12:13:30 ubuntu kernel: [    0.282918] pci 0000:00:16.6: PCI bridge to [bus 11]
Sep  6 12:13:30 ubuntu kernel: [    0.282942] pci 0000:00:16.6:   bridge window [mem 0xfbb00000-0xfbbfffff]
Sep  6 12:13:30 ubuntu kernel: [    0.282958] pci 0000:00:16.6:   bridge window [mem 0xe6100000-0xe61fffff 64bit pref]
Sep  6 12:13:30 ubuntu kernel: [    0.282992] pci 0000:00:16.7: PCI bridge to [bus 12]
Sep  6 12:13:30 ubuntu kernel: [    0.283016] pci 0000:00:16.7:   bridge window [mem 0xfb700000-0xfb7fffff]
Sep  6 12:13:30 ubuntu kernel: [    0.283032] pci 0000:00:16.7:   bridge window [mem 0xe5d00000-0xe5dfffff 64bit pref]
Sep  6 12:13:30 ubuntu kernel: [    0.283069] pci 0000:00:17.0: PCI bridge to [bus 13]
Sep  6 12:13:30 ubuntu kernel: [    0.283079] pci 0000:00:17.0:   bridge window [io  0x6000-0x6fff]
Sep  6 12:13:30 ubuntu kernel: [    0.283102] pci 0000:00:17.0:   bridge window [mem 0xfd200000-0xfd2fffff]
Sep  6 12:13:30 ubuntu kernel: [    0.283118] pci 0000:00:17.0:   bridge window [mem 0xe7800000-0xe78fffff 64bit pref]
Sep  6 12:13:30 ubuntu kernel: [    0.283155] pci 0000:00:17.1: PCI bridge to [bus 14]
Sep  6 12:13:30 ubuntu kernel: [    0.283165] pci 0000:00:17.1:   bridge window [io  0xa000-0xafff]
Sep  6 12:13:30 ubuntu kernel: [    0.283188] pci 0000:00:17.1:   bridge window [mem 0xfce00000-0xfcefffff]
Sep  6 12:13:30 ubuntu kernel: [    0.283204] pci 0000:00:17.1:   bridge window [mem 0xe7400000-0xe74fffff 64bit pref]
Sep  6 12:13:30 ubuntu kernel: [    0.283239] pci 0000:00:17.2: PCI bridge to [bus 15]
Sep  6 12:13:30 ubuntu kernel: [    0.283248] pci 0000:00:17.2:   bridge window [io  0xe000-0xefff]
Sep  6 12:13:30 ubuntu kernel: [    0.283271] pci 0000:00:17.2:   bridge window [mem 0xfca00000-0xfcafffff]
Sep  6 12:13:30 ubuntu kernel: [    0.283287] pci 0000:00:17.2:   bridge window [mem 0xe7000000-0xe70fffff 64bit pref]
Sep  6 12:13:30 ubuntu kernel: [    0.283322] pci 0000:00:17.3: PCI bridge to [bus 16]
Sep  6 12:13:30 ubuntu kernel: [    0.283346] pci 0000:00:17.3:   bridge window [mem 0xfc600000-0xfc6fffff]
Sep  6 12:13:30 ubuntu kernel: [    0.283362] pci 0000:00:17.3:   bridge window [mem 0xe6c00000-0xe6cfffff 64bit pref]
Sep  6 12:13:30 ubuntu kernel: [    0.283397] pci 0000:00:17.4: PCI bridge to [bus 17]
Sep  6 12:13:30 ubuntu kernel: [    0.283420] pci 0000:00:17.4:   bridge window [mem 0xfc200000-0xfc2fffff]
Sep  6 12:13:30 ubuntu kernel: [    0.283436] pci 0000:00:17.4:   bridge window [mem 0xe6800000-0xe68fffff 64bit pref]
Sep  6 12:13:30 ubuntu kernel: [    0.283471] pci 0000:00:17.5: PCI bridge to [bus 18]
Sep  6 12:13:30 ubuntu kernel: [    0.283495] pci 0000:00:17.5:   bridge window [mem 0xfbe00000-0xfbefffff]
Sep  6 12:13:30 ubuntu kernel: [    0.283511] pci 0000:00:17.5:   bridge window [mem 0xe6400000-0xe64fffff 64bit pref]
Sep  6 12:13:30 ubuntu kernel: [    0.283546] pci 0000:00:17.6: PCI bridge to [bus 19]
Sep  6 12:13:30 ubuntu kernel: [    0.283569] pci 0000:00:17.6:   bridge window [mem 0xfba00000-0xfbafffff]
Sep  6 12:13:30 ubuntu kernel: [    0.283585] pci 0000:00:17.6:   bridge window [mem 0xe6000000-0xe60fffff 64bit pref]
Sep  6 12:13:30 ubuntu kernel: [    0.283620] pci 0000:00:17.7: PCI bridge to [bus 1a]
Sep  6 12:13:30 ubuntu kernel: [    0.283643] pci 0000:00:17.7:   bridge window [mem 0xfb600000-0xfb6fffff]
Sep  6 12:13:30 ubuntu kernel: [    0.283659] pci 0000:00:17.7:   bridge window [mem 0xe5c00000-0xe5cfffff 64bit pref]
Sep  6 12:13:30 ubuntu kernel: [    0.283694] pci 0000:00:18.0: PCI bridge to [bus 1b]
Sep  6 12:13:30 ubuntu kernel: [    0.283704] pci 0000:00:18.0:   bridge window [io  0x7000-0x7fff]
Sep  6 12:13:30 ubuntu kernel: [    0.283727] pci 0000:00:18.0:   bridge window [mem 0xfd100000-0xfd1fffff]
Sep  6 12:13:30 ubuntu kernel: [    0.283743] pci 0000:00:18.0:   bridge window [mem 0xe7700000-0xe77fffff 64bit pref]
Sep  6 12:13:30 ubuntu kernel: [    0.283778] pci 0000:00:18.1: PCI bridge to [bus 1c]
Sep  6 12:13:30 ubuntu kernel: [    0.283787] pci 0000:00:18.1:   bridge window [io  0xb000-0xbfff]
Sep  6 12:13:30 ubuntu kernel: [    0.283810] pci 0000:00:18.1:   bridge window [mem 0xfcd00000-0xfcdfffff]
Sep  6 12:13:30 ubuntu kernel: [    0.283826] pci 0000:00:18.1:   bridge window [mem 0xe7300000-0xe73fffff 64bit pref]
Sep  6 12:13:30 ubuntu kernel: [    0.283861] pci 0000:00:18.2: PCI bridge to [bus 1d]
Sep  6 12:13:30 ubuntu kernel: [    0.283884] pci 0000:00:18.2:   bridge window [mem 0xfc900000-0xfc9fffff]
Sep  6 12:13:30 ubuntu kernel: [    0.283900] pci 0000:00:18.2:   bridge window [mem 0xe6f00000-0xe6ffffff 64bit pref]
Sep  6 12:13:30 ubuntu kernel: [    0.283945] pci 0000:00:18.3: PCI bridge to [bus 1e]
Sep  6 12:13:30 ubuntu kernel: [    0.283969] pci 0000:00:18.3:   bridge window [mem 0xfc500000-0xfc5fffff]
Sep  6 12:13:30 ubuntu kernel: [    0.283985] pci 0000:00:18.3:   bridge window [mem 0xe6b00000-0xe6bfffff 64bit pref]
Sep  6 12:13:30 ubuntu kernel: [    0.284020] pci 0000:00:18.4: PCI bridge to [bus 1f]
Sep  6 12:13:30 ubuntu kernel: [    0.284043] pci 0000:00:18.4:   bridge window [mem 0xfc100000-0xfc1fffff]
Sep  6 12:13:30 ubuntu kernel: [    0.284059] pci 0000:00:18.4:   bridge window [mem 0xe6700000-0xe67fffff 64bit pref]
Sep  6 12:13:30 ubuntu kernel: [    0.284094] pci 0000:00:18.5: PCI bridge to [bus 20]
Sep  6 12:13:30 ubuntu kernel: [    0.284118] pci 0000:00:18.5:   bridge window [mem 0xfbd00000-0xfbdfffff]
Sep  6 12:13:30 ubuntu kernel: [    0.284133] pci 0000:00:18.5:   bridge window [mem 0xe6300000-0xe63fffff 64bit pref]
Sep  6 12:13:30 ubuntu kernel: [    0.284168] pci 0000:00:18.6: PCI bridge to [bus 21]
Sep  6 12:13:30 ubuntu kernel: [    0.284192] pci 0000:00:18.6:   bridge window [mem 0xfb900000-0xfb9fffff]
Sep  6 12:13:30 ubuntu kernel: [    0.284208] pci 0000:00:18.6:   bridge window [mem 0xe5f00000-0xe5ffffff 64bit pref]
Sep  6 12:13:30 ubuntu kernel: [    0.284243] pci 0000:00:18.7: PCI bridge to [bus 22]
Sep  6 12:13:30 ubuntu kernel: [    0.284266] pci 0000:00:18.7:   bridge window [mem 0xfb500000-0xfb5fffff]
Sep  6 12:13:30 ubuntu kernel: [    0.284282] pci 0000:00:18.7:   bridge window [mem 0xe5b00000-0xe5bfffff 64bit pref]
Sep  6 12:13:30 ubuntu kernel: [    0.284318] pci_bus 0000:00: resource 4 [mem 0x000a0000-0x000bffff]
Sep  6 12:13:30 ubuntu kernel: [    0.284320] pci_bus 0000:00: resource 5 [mem 0x000d0000-0x000d3fff]
Sep  6 12:13:30 ubuntu kernel: [    0.284321] pci_bus 0000:00: resource 6 [mem 0x000d4000-0x000d7fff]
Sep  6 12:13:30 ubuntu kernel: [    0.284323] pci_bus 0000:00: resource 7 [mem 0x000d8000-0x000dbfff]
Sep  6 12:13:30 ubuntu kernel: [    0.284324] pci_bus 0000:00: resource 8 [mem 0xc0000000-0xfebfffff]
Sep  6 12:13:30 ubuntu kernel: [    0.284325] pci_bus 0000:00: resource 9 [io  0x0000-0x0cf7]
Sep  6 12:13:30 ubuntu kernel: [    0.284327] pci_bus 0000:00: resource 10 [io  0x0d00-0xfeff]
Sep  6 12:13:30 ubuntu kernel: [    0.284329] pci_bus 0000:02: resource 0 [io  0x2000-0x3fff]
Sep  6 12:13:30 ubuntu kernel: [    0.284330] pci_bus 0000:02: resource 1 [mem 0xfd500000-0xfdffffff]
Sep  6 12:13:30 ubuntu kernel: [    0.284331] pci_bus 0000:02: resource 2 [mem 0xe7b00000-0xe7ffffff 64bit pref]
Sep  6 12:13:30 ubuntu kernel: [    0.284333] pci_bus 0000:02: resource 4 [mem 0x000a0000-0x000bffff]
Sep  6 12:13:30 ubuntu kernel: [    0.284334] pci_bus 0000:02: resource 5 [mem 0x000d0000-0x000d3fff]
Sep  6 12:13:30 ubuntu kernel: [    0.284335] pci_bus 0000:02: resource 6 [mem 0x000d4000-0x000d7fff]
Sep  6 12:13:30 ubuntu kernel: [    0.284337] pci_bus 0000:02: resource 7 [mem 0x000d8000-0x000dbfff]
Sep  6 12:13:30 ubuntu kernel: [    0.284338] pci_bus 0000:02: resource 8 [mem 0xc0000000-0xfebfffff]
Sep  6 12:13:30 ubuntu kernel: [    0.284339] pci_bus 0000:02: resource 9 [io  0x0000-0x0cf7]
Sep  6 12:13:30 ubuntu kernel: [    0.284340] pci_bus 0000:02: resource 10 [io  0x0d00-0xfeff]
Sep  6 12:13:30 ubuntu kernel: [    0.284342] pci_bus 0000:03: resource 0 [io  0x4000-0x4fff]
Sep  6 12:13:30 ubuntu kernel: [    0.284343] pci_bus 0000:03: resource 1 [mem 0xfd400000-0xfd4fffff]
Sep  6 12:13:30 ubuntu kernel: [    0.284345] pci_bus 0000:03: resource 2 [mem 0xe7a00000-0xe7afffff 64bit pref]
Sep  6 12:13:30 ubuntu kernel: [    0.284346] pci_bus 0000:04: resource 0 [io  0x8000-0x8fff]
Sep  6 12:13:30 ubuntu kernel: [    0.284348] pci_bus 0000:04: resource 1 [mem 0xfd000000-0xfd0fffff]
Sep  6 12:13:30 ubuntu kernel: [    0.284349] pci_bus 0000:04: resource 2 [mem 0xe7600000-0xe76fffff 64bit pref]
Sep  6 12:13:30 ubuntu kernel: [    0.284350] pci_bus 0000:05: resource 0 [io  0xc000-0xcfff]
Sep  6 12:13:30 ubuntu kernel: [    0.284352] pci_bus 0000:05: resource 1 [mem 0xfcc00000-0xfccfffff]
Sep  6 12:13:30 ubuntu kernel: [    0.284353] pci_bus 0000:05: resource 2 [mem 0xe7200000-0xe72fffff 64bit pref]
Sep  6 12:13:30 ubuntu kernel: [    0.284354] pci_bus 0000:06: resource 1 [mem 0xfc800000-0xfc8fffff]
Sep  6 12:13:30 ubuntu kernel: [    0.284356] pci_bus 0000:06: resource 2 [mem 0xe6e00000-0xe6efffff 64bit pref]
Sep  6 12:13:30 ubuntu kernel: [    0.284357] pci_bus 0000:07: resource 1 [mem 0xfc400000-0xfc4fffff]
Sep  6 12:13:30 ubuntu kernel: [    0.284358] pci_bus 0000:07: resource 2 [mem 0xe6a00000-0xe6afffff 64bit pref]
Sep  6 12:13:30 ubuntu kernel: [    0.284360] pci_bus 0000:08: resource 1 [mem 0xfc000000-0xfc0fffff]
Sep  6 12:13:30 ubuntu kernel: [    0.284361] pci_bus 0000:08: resource 2 [mem 0xe6600000-0xe66fffff 64bit pref]
Sep  6 12:13:30 ubuntu kernel: [    0.284363] pci_bus 0000:09: resource 1 [mem 0xfbc00000-0xfbcfffff]
Sep  6 12:13:30 ubuntu kernel: [    0.284364] pci_bus 0000:09: resource 2 [mem 0xe6200000-0xe62fffff 64bit pref]
Sep  6 12:13:30 ubuntu kernel: [    0.284366] pci_bus 0000:0a: resource 1 [mem 0xfb800000-0xfb8fffff]
Sep  6 12:13:30 ubuntu kernel: [    0.284367] pci_bus 0000:0a: resource 2 [mem 0xe5e00000-0xe5efffff 64bit pref]
Sep  6 12:13:30 ubuntu kernel: [    0.284368] pci_bus 0000:0b: resource 0 [io  0x5000-0x5fff]
Sep  6 12:13:30 ubuntu kernel: [    0.284370] pci_bus 0000:0b: resource 1 [mem 0xfd300000-0xfd3fffff]
Sep  6 12:13:30 ubuntu kernel: [    0.284371] pci_bus 0000:0b: resource 2 [mem 0xe7900000-0xe79fffff 64bit pref]
Sep  6 12:13:30 ubuntu kernel: [    0.284372] pci_bus 0000:0c: resource 0 [io  0x9000-0x9fff]
Sep  6 12:13:30 ubuntu kernel: [    0.284374] pci_bus 0000:0c: resource 1 [mem 0xfcf00000-0xfcffffff]
Sep  6 12:13:30 ubuntu kernel: [    0.284375] pci_bus 0000:0c: resource 2 [mem 0xe7500000-0xe75fffff 64bit pref]
Sep  6 12:13:30 ubuntu kernel: [    0.284376] pci_bus 0000:0d: resource 0 [io  0xd000-0xdfff]
Sep  6 12:13:30 ubuntu kernel: [    0.284378] pci_bus 0000:0d: resource 1 [mem 0xfcb00000-0xfcbfffff]
Sep  6 12:13:30 ubuntu kernel: [    0.284379] pci_bus 0000:0d: resource 2 [mem 0xe7100000-0xe71fffff 64bit pref]
Sep  6 12:13:30 ubuntu kernel: [    0.284380] pci_bus 0000:0e: resource 1 [mem 0xfc700000-0xfc7fffff]
Sep  6 12:13:30 ubuntu kernel: [    0.284382] pci_bus 0000:0e: resource 2 [mem 0xe6d00000-0xe6dfffff 64bit pref]
Sep  6 12:13:30 ubuntu kernel: [    0.284383] pci_bus 0000:0f: resource 1 [mem 0xfc300000-0xfc3fffff]
Sep  6 12:13:30 ubuntu kernel: [    0.284384] pci_bus 0000:0f: resource 2 [mem 0xe6900000-0xe69fffff 64bit pref]
Sep  6 12:13:30 ubuntu kernel: [    0.284386] pci_bus 0000:10: resource 1 [mem 0xfbf00000-0xfbffffff]
Sep  6 12:13:30 ubuntu kernel: [    0.284387] pci_bus 0000:10: resource 2 [mem 0xe6500000-0xe65fffff 64bit pref]
Sep  6 12:13:30 ubuntu kernel: [    0.284389] pci_bus 0000:11: resource 1 [mem 0xfbb00000-0xfbbfffff]
Sep  6 12:13:30 ubuntu kernel: [    0.284390] pci_bus 0000:11: resource 2 [mem 0xe6100000-0xe61fffff 64bit pref]
Sep  6 12:13:30 ubuntu kernel: [    0.284392] pci_bus 0000:12: resource 1 [mem 0xfb700000-0xfb7fffff]
Sep  6 12:13:30 ubuntu kernel: [    0.284393] pci_bus 0000:12: resource 2 [mem 0xe5d00000-0xe5dfffff 64bit pref]
Sep  6 12:13:30 ubuntu kernel: [    0.284395] pci_bus 0000:13: resource 0 [io  0x6000-0x6fff]
Sep  6 12:13:30 ubuntu kernel: [    0.284396] pci_bus 0000:13: resource 1 [mem 0xfd200000-0xfd2fffff]
Sep  6 12:13:30 ubuntu kernel: [    0.284397] pci_bus 0000:13: resource 2 [mem 0xe7800000-0xe78fffff 64bit pref]
Sep  6 12:13:30 ubuntu kernel: [    0.284399] pci_bus 0000:14: resource 0 [io  0xa000-0xafff]
Sep  6 12:13:30 ubuntu kernel: [    0.284400] pci_bus 0000:14: resource 1 [mem 0xfce00000-0xfcefffff]
Sep  6 12:13:30 ubuntu kernel: [    0.284401] pci_bus 0000:14: resource 2 [mem 0xe7400000-0xe74fffff 64bit pref]
Sep  6 12:13:30 ubuntu kernel: [    0.284402] pci_bus 0000:15: resource 0 [io  0xe000-0xefff]
Sep  6 12:13:30 ubuntu kernel: [    0.284404] pci_bus 0000:15: resource 1 [mem 0xfca00000-0xfcafffff]
Sep  6 12:13:30 ubuntu kernel: [    0.284405] pci_bus 0000:15: resource 2 [mem 0xe7000000-0xe70fffff 64bit pref]
Sep  6 12:13:30 ubuntu kernel: [    0.284406] pci_bus 0000:16: resource 1 [mem 0xfc600000-0xfc6fffff]
Sep  6 12:13:30 ubuntu kernel: [    0.284408] pci_bus 0000:16: resource 2 [mem 0xe6c00000-0xe6cfffff 64bit pref]
Sep  6 12:13:30 ubuntu kernel: [    0.284409] pci_bus 0000:17: resource 1 [mem 0xfc200000-0xfc2fffff]
Sep  6 12:13:30 ubuntu kernel: [    0.284411] pci_bus 0000:17: resource 2 [mem 0xe6800000-0xe68fffff 64bit pref]
Sep  6 12:13:30 ubuntu kernel: [    0.284412] pci_bus 0000:18: resource 1 [mem 0xfbe00000-0xfbefffff]
Sep  6 12:13:30 ubuntu kernel: [    0.284413] pci_bus 0000:18: resource 2 [mem 0xe6400000-0xe64fffff 64bit pref]
Sep  6 12:13:30 ubuntu kernel: [    0.284415] pci_bus 0000:19: resource 1 [mem 0xfba00000-0xfbafffff]
Sep  6 12:13:30 ubuntu kernel: [    0.284416] pci_bus 0000:19: resource 2 [mem 0xe6000000-0xe60fffff 64bit pref]
Sep  6 12:13:30 ubuntu kernel: [    0.284418] pci_bus 0000:1a: resource 1 [mem 0xfb600000-0xfb6fffff]
Sep  6 12:13:30 ubuntu kernel: [    0.284419] pci_bus 0000:1a: resource 2 [mem 0xe5c00000-0xe5cfffff 64bit pref]
Sep  6 12:13:30 ubuntu kernel: [    0.284420] pci_bus 0000:1b: resource 0 [io  0x7000-0x7fff]
Sep  6 12:13:30 ubuntu kernel: [    0.284422] pci_bus 0000:1b: resource 1 [mem 0xfd100000-0xfd1fffff]
Sep  6 12:13:30 ubuntu kernel: [    0.284423] pci_bus 0000:1b: resource 2 [mem 0xe7700000-0xe77fffff 64bit pref]
Sep  6 12:13:30 ubuntu kernel: [    0.284424] pci_bus 0000:1c: resource 0 [io  0xb000-0xbfff]
Sep  6 12:13:30 ubuntu kernel: [    0.284426] pci_bus 0000:1c: resource 1 [mem 0xfcd00000-0xfcdfffff]
Sep  6 12:13:30 ubuntu kernel: [    0.284427] pci_bus 0000:1c: resource 2 [mem 0xe7300000-0xe73fffff 64bit pref]
Sep  6 12:13:30 ubuntu kernel: [    0.284428] pci_bus 0000:1d: resource 1 [mem 0xfc900000-0xfc9fffff]
Sep  6 12:13:30 ubuntu kernel: [    0.284430] pci_bus 0000:1d: resource 2 [mem 0xe6f00000-0xe6ffffff 64bit pref]
Sep  6 12:13:30 ubuntu kernel: [    0.284431] pci_bus 0000:1e: resource 1 [mem 0xfc500000-0xfc5fffff]
Sep  6 12:13:30 ubuntu kernel: [    0.284432] pci_bus 0000:1e: resource 2 [mem 0xe6b00000-0xe6bfffff 64bit pref]
Sep  6 12:13:30 ubuntu kernel: [    0.284434] pci_bus 0000:1f: resource 1 [mem 0xfc100000-0xfc1fffff]
Sep  6 12:13:30 ubuntu kernel: [    0.284435] pci_bus 0000:1f: resource 2 [mem 0xe6700000-0xe67fffff 64bit pref]
Sep  6 12:13:30 ubuntu kernel: [    0.284437] pci_bus 0000:20: resource 1 [mem 0xfbd00000-0xfbdfffff]
Sep  6 12:13:30 ubuntu kernel: [    0.284438] pci_bus 0000:20: resource 2 [mem 0xe6300000-0xe63fffff 64bit pref]
Sep  6 12:13:30 ubuntu kernel: [    0.284439] pci_bus 0000:21: resource 1 [mem 0xfb900000-0xfb9fffff]
Sep  6 12:13:30 ubuntu kernel: [    0.284441] pci_bus 0000:21: resource 2 [mem 0xe5f00000-0xe5ffffff 64bit pref]
Sep  6 12:13:30 ubuntu kernel: [    0.284442] pci_bus 0000:22: resource 1 [mem 0xfb500000-0xfb5fffff]
Sep  6 12:13:30 ubuntu kernel: [    0.284443] pci_bus 0000:22: resource 2 [mem 0xe5b00000-0xe5bfffff 64bit pref]
Sep  6 12:13:30 ubuntu kernel: [    0.284479] NET: Registered protocol family 2
Sep  6 12:13:30 ubuntu kernel: [    0.284634] TCP established hash table entries: 8192 (order: 3, 32768 bytes)
Sep  6 12:13:30 ubuntu kernel: [    0.284646] TCP bind hash table entries: 8192 (order: 4, 65536 bytes)
Sep  6 12:13:30 ubuntu kernel: [    0.284663] TCP: Hash tables configured (established 8192 bind 8192)
Sep  6 12:13:30 ubuntu kernel: [    0.284680] TCP: reno registered
Sep  6 12:13:30 ubuntu kernel: [    0.284682] UDP hash table entries: 512 (order: 2, 16384 bytes)
Sep  6 12:13:30 ubuntu kernel: [    0.284688] UDP-Lite hash table entries: 512 (order: 2, 16384 bytes)
Sep  6 12:13:30 ubuntu kernel: [    0.284718] NET: Registered protocol family 1
Sep  6 12:13:30 ubuntu kernel: [    0.284724] pci 0000:00:00.0: Limiting direct PCI/PCI transfers
Sep  6 12:13:30 ubuntu kernel: [    0.284784] pci 0000:00:0f.0: Boot video device
Sep  6 12:13:30 ubuntu kernel: [    0.285088] PCI: CLS 32 bytes, default 64
Sep  6 12:13:30 ubuntu kernel: [    0.285122] Trying to unpack rootfs image as initramfs...
Sep  6 12:13:30 ubuntu kernel: [    0.472278] Freeing initrd memory: 18280K (f5c3c000 - f6e16000)
Sep  6 12:13:30 ubuntu kernel: [    0.472354] Simple Boot Flag at 0x36 set to 0x1
Sep  6 12:13:30 ubuntu kernel: [    0.472383] Switched to clocksource tsc
Sep  6 12:13:30 ubuntu kernel: [    0.472435] microcode: CPU0 sig=0x306c3, pf=0x1, revision=0x1e
Sep  6 12:13:30 ubuntu kernel: [    0.472458] microcode: Microcode Update Driver: v2.00 <tigran@aivazian.fsnet.co.uk>, Peter Oruba
Sep  6 12:13:30 ubuntu kernel: [    0.472459] Scanning for low memory corruption every 60 seconds
Sep  6 12:13:30 ubuntu kernel: [    0.472714] Initialise system trusted keyring
Sep  6 12:13:30 ubuntu kernel: [    0.472739] audit: initializing netlink socket (disabled)
Sep  6 12:13:30 ubuntu kernel: [    0.472746] type=2000 audit(1473189208.456:1): initialized
Sep  6 12:13:30 ubuntu kernel: [    0.484463] bounce pool size: 64 pages
Sep  6 12:13:30 ubuntu kernel: [    0.484469] HugeTLB registered 2 MB page size, pre-allocated 0 pages
Sep  6 12:13:30 ubuntu kernel: [    0.484755] zbud: loaded
Sep  6 12:13:30 ubuntu kernel: [    0.484792] VFS: Disk quotas dquot_6.5.2
Sep  6 12:13:30 ubuntu kernel: [    0.484817] Dquot-cache hash table entries: 1024 (order 0, 4096 bytes)
Sep  6 12:13:30 ubuntu kernel: [    0.485046] fuse init (API version 7.22)
Sep  6 12:13:30 ubuntu kernel: [    0.485095] msgmni has been set to 1737
Sep  6 12:13:30 ubuntu kernel: [    0.485134] Key type big_key registered
Sep  6 12:13:30 ubuntu kernel: [    0.485721] Key type asymmetric registered
Sep  6 12:13:30 ubuntu kernel: [    0.485723] Asymmetric key parser 'x509' registered
Sep  6 12:13:30 ubuntu kernel: [    0.485742] Block layer SCSI generic (bsg) driver version 0.4 loaded (major 252)
Sep  6 12:13:30 ubuntu kernel: [    0.485799] io scheduler noop registered
Sep  6 12:13:30 ubuntu kernel: [    0.485801] io scheduler deadline registered (default)
Sep  6 12:13:30 ubuntu kernel: [    0.485817] io scheduler cfq registered
Sep  6 12:13:30 ubuntu kernel: [    0.485966] pcieport 0000:00:15.0: irq 40 for MSI/MSI-X
Sep  6 12:13:30 ubuntu kernel: [    0.486115] pcieport 0000:00:15.1: irq 41 for MSI/MSI-X
Sep  6 12:13:30 ubuntu kernel: [    0.486264] pcieport 0000:00:15.2: irq 42 for MSI/MSI-X
Sep  6 12:13:30 ubuntu kernel: [    0.486413] pcieport 0000:00:15.3: irq 43 for MSI/MSI-X
Sep  6 12:13:30 ubuntu kernel: [    0.486562] pcieport 0000:00:15.4: irq 44 for MSI/MSI-X
Sep  6 12:13:30 ubuntu kernel: [    0.486711] pcieport 0000:00:15.5: irq 45 for MSI/MSI-X
Sep  6 12:13:30 ubuntu kernel: [    0.486860] pcieport 0000:00:15.6: irq 46 for MSI/MSI-X
Sep  6 12:13:30 ubuntu kernel: [    0.487009] pcieport 0000:00:15.7: irq 47 for MSI/MSI-X
Sep  6 12:13:30 ubuntu kernel: [    0.487158] pcieport 0000:00:16.0: irq 48 for MSI/MSI-X
Sep  6 12:13:30 ubuntu kernel: [    0.487307] pcieport 0000:00:16.1: irq 49 for MSI/MSI-X
Sep  6 12:13:30 ubuntu kernel: [    0.487456] pcieport 0000:00:16.2: irq 50 for MSI/MSI-X
Sep  6 12:13:30 ubuntu kernel: [    0.487605] pcieport 0000:00:16.3: irq 51 for MSI/MSI-X
Sep  6 12:13:30 ubuntu kernel: [    0.487754] pcieport 0000:00:16.4: irq 52 for MSI/MSI-X
Sep  6 12:13:30 ubuntu kernel: [    0.488226] pcieport 0000:00:16.5: irq 53 for MSI/MSI-X
Sep  6 12:13:30 ubuntu kernel: [    0.488375] pcieport 0000:00:16.6: irq 54 for MSI/MSI-X
Sep  6 12:13:30 ubuntu kernel: [    0.488524] pcieport 0000:00:16.7: irq 55 for MSI/MSI-X
Sep  6 12:13:30 ubuntu kernel: [    0.488673] pcieport 0000:00:17.0: irq 56 for MSI/MSI-X
Sep  6 12:13:30 ubuntu kernel: [    0.488822] pcieport 0000:00:17.1: irq 57 for MSI/MSI-X
Sep  6 12:13:30 ubuntu kernel: [    0.488971] pcieport 0000:00:17.2: irq 58 for MSI/MSI-X
Sep  6 12:13:30 ubuntu kernel: [    0.489119] pcieport 0000:00:17.3: irq 59 for MSI/MSI-X
Sep  6 12:13:30 ubuntu kernel: [    0.489268] pcieport 0000:00:17.4: irq 60 for MSI/MSI-X
Sep  6 12:13:30 ubuntu kernel: [    0.489417] pcieport 0000:00:17.5: irq 61 for MSI/MSI-X
Sep  6 12:13:30 ubuntu kernel: [    0.489566] pcieport 0000:00:17.6: irq 62 for MSI/MSI-X
Sep  6 12:13:30 ubuntu kernel: [    0.489715] pcieport 0000:00:17.7: irq 63 for MSI/MSI-X
Sep  6 12:13:30 ubuntu kernel: [    0.489864] pcieport 0000:00:18.0: irq 64 for MSI/MSI-X
Sep  6 12:13:30 ubuntu kernel: [    0.490013] pcieport 0000:00:18.1: irq 65 for MSI/MSI-X
Sep  6 12:13:30 ubuntu kernel: [    0.490162] pcieport 0000:00:18.2: irq 66 for MSI/MSI-X
Sep  6 12:13:30 ubuntu kernel: [    0.490311] pcieport 0000:00:18.3: irq 67 for MSI/MSI-X
